Archive member included because of file (symbol)

/usr/lib/gcc/arm-none-eabi/4.8.2/armv7e-m/softfp/libgcc.a(_arm_addsubdf3.o)
                              obj/lib/FreeRTOSV8.1.2/FreeRTOS/Demo/Common/Minimal/flop.o (__aeabi_dsub)
/usr/lib/gcc/arm-none-eabi/4.8.2/armv7e-m/softfp/libgcc.a(_arm_muldivdf3.o)
                              obj/lib/FreeRTOSV8.1.2/FreeRTOS/Demo/Common/Minimal/flop.o (__aeabi_dmul)
/usr/lib/gcc/arm-none-eabi/4.8.2/armv7e-m/softfp/libgcc.a(_arm_cmpdf2.o)
                              obj/lib/FreeRTOSV8.1.2/FreeRTOS/Demo/Common/Minimal/flop.o (__aeabi_dcmpgt)
/usr/lib/gcc/arm-none-eabi/4.8.2/../../../arm-none-eabi/lib/armv7e-m/softfp/libc.a(lib_a-atexit.o)
                              /usr/lib/gcc/arm-none-eabi/4.8.2/../../../arm-none-eabi/lib/armv7e-m/softfp/crt0.o (atexit)
/usr/lib/gcc/arm-none-eabi/4.8.2/../../../arm-none-eabi/lib/armv7e-m/softfp/libc.a(lib_a-exit.o)
                              /usr/lib/gcc/arm-none-eabi/4.8.2/../../../arm-none-eabi/lib/armv7e-m/softfp/crt0.o (exit)
/usr/lib/gcc/arm-none-eabi/4.8.2/../../../arm-none-eabi/lib/armv7e-m/softfp/libc.a(lib_a-fini.o)
                              /usr/lib/gcc/arm-none-eabi/4.8.2/../../../arm-none-eabi/lib/armv7e-m/softfp/crt0.o (__libc_fini_array)
/usr/lib/gcc/arm-none-eabi/4.8.2/../../../arm-none-eabi/lib/armv7e-m/softfp/libc.a(lib_a-impure.o)
                              /usr/lib/gcc/arm-none-eabi/4.8.2/../../../arm-none-eabi/lib/armv7e-m/softfp/libc.a(lib_a-exit.o) (_global_impure_ptr)
/usr/lib/gcc/arm-none-eabi/4.8.2/../../../arm-none-eabi/lib/armv7e-m/softfp/libc.a(lib_a-init.o)
                              /usr/lib/gcc/arm-none-eabi/4.8.2/../../../arm-none-eabi/lib/armv7e-m/softfp/crt0.o (__libc_init_array)
/usr/lib/gcc/arm-none-eabi/4.8.2/../../../arm-none-eabi/lib/armv7e-m/softfp/libc.a(lib_a-memcmp.o)
                              obj/lib/FreeRTOSV8.1.2/FreeRTOS/Source/tasks.o (memcmp)
/usr/lib/gcc/arm-none-eabi/4.8.2/../../../arm-none-eabi/lib/armv7e-m/softfp/libc.a(lib_a-memcpy.o)
                              obj/lib/FreeRTOSV8.1.2/FreeRTOS/Source/queue.o (memcpy)
/usr/lib/gcc/arm-none-eabi/4.8.2/../../../arm-none-eabi/lib/armv7e-m/softfp/libc.a(lib_a-memset.o)
                              /usr/lib/gcc/arm-none-eabi/4.8.2/../../../arm-none-eabi/lib/armv7e-m/softfp/crt0.o (memset)
/usr/lib/gcc/arm-none-eabi/4.8.2/../../../arm-none-eabi/lib/armv7e-m/softfp/libc.a(lib_a-__atexit.o)
                              /usr/lib/gcc/arm-none-eabi/4.8.2/../../../arm-none-eabi/lib/armv7e-m/softfp/libc.a(lib_a-atexit.o) (__register_exitproc)
/usr/lib/gcc/arm-none-eabi/4.8.2/../../../arm-none-eabi/lib/armv7e-m/softfp/libc.a(lib_a-__call_atexit.o)
                              /usr/lib/gcc/arm-none-eabi/4.8.2/../../../arm-none-eabi/lib/armv7e-m/softfp/libc.a(lib_a-exit.o) (__call_exitprocs)

Allocating common symbols
Common symbol       size              file

xQueueRegistry      0x40              obj/lib/FreeRTOSV8.1.2/FreeRTOS/Source/queue.o
xCreatedTask        0x4               obj/lib/FreeRTOSV8.1.2/FreeRTOS/Demo/Common/Minimal/death.o
NVIC_InitStructure  0x4               obj/lib/board/stm32f4_discovery.o
xSuspendedTestQueue
                    0x4               obj/lib/FreeRTOSV8.1.2/FreeRTOS/Demo/Common/Minimal/dynamic.o

Discarded input sections

 .text          0x00000000        0x0 /usr/lib/gcc/arm-none-eabi/4.8.2/armv7e-m/softfp/crti.o
 .data          0x00000000        0x0 /usr/lib/gcc/arm-none-eabi/4.8.2/armv7e-m/softfp/crti.o
 .bss           0x00000000        0x0 /usr/lib/gcc/arm-none-eabi/4.8.2/armv7e-m/softfp/crti.o
 .data          0x00000000        0x4 /usr/lib/gcc/arm-none-eabi/4.8.2/armv7e-m/softfp/crtbegin.o
 .text          0x00000000       0x68 /usr/lib/gcc/arm-none-eabi/4.8.2/../../../arm-none-eabi/lib/armv7e-m/softfp/crt0.o
 .data          0x00000000        0x0 /usr/lib/gcc/arm-none-eabi/4.8.2/../../../arm-none-eabi/lib/armv7e-m/softfp/crt0.o
 .bss           0x00000000        0x0 /usr/lib/gcc/arm-none-eabi/4.8.2/../../../arm-none-eabi/lib/armv7e-m/softfp/crt0.o
 .ARM.extab     0x00000000        0x0 /usr/lib/gcc/arm-none-eabi/4.8.2/../../../arm-none-eabi/lib/armv7e-m/softfp/crt0.o
 .ARM.exidx     0x00000000        0x8 /usr/lib/gcc/arm-none-eabi/4.8.2/../../../arm-none-eabi/lib/armv7e-m/softfp/crt0.o
 .ARM.attributes
                0x00000000       0x20 /usr/lib/gcc/arm-none-eabi/4.8.2/../../../arm-none-eabi/lib/armv7e-m/softfp/crt0.o
 .debug_line    0x00000000       0x7e /usr/lib/gcc/arm-none-eabi/4.8.2/../../../arm-none-eabi/lib/armv7e-m/softfp/crt0.o
 .debug_info    0x00000000       0x98 /usr/lib/gcc/arm-none-eabi/4.8.2/../../../arm-none-eabi/lib/armv7e-m/softfp/crt0.o
 .debug_abbrev  0x00000000       0x14 /usr/lib/gcc/arm-none-eabi/4.8.2/../../../arm-none-eabi/lib/armv7e-m/softfp/crt0.o
 .debug_aranges
                0x00000000       0x20 /usr/lib/gcc/arm-none-eabi/4.8.2/../../../arm-none-eabi/lib/armv7e-m/softfp/crt0.o
 .text          0x00000000        0x0 obj/main.o
[...]
Memory Configuration

Name             Origin             Length             Attributes
FLASH            0x08000000         0x00100000         xr
RAM              0x20000000         0x00030000         xrw
MEMORY_B1        0x60000000         0x00000000         xr
*default*        0x00000000         0xffffffff

Linker script and memory map

LOAD /usr/lib/gcc/arm-none-eabi/4.8.2/armv7e-m/softfp/crti.o
LOAD /usr/lib/gcc/arm-none-eabi/4.8.2/armv7e-m/softfp/crtbegin.o
LOAD /usr/lib/gcc/arm-none-eabi/4.8.2/../../../arm-none-eabi/lib/armv7e-m/softfp/crt0.o
LOAD obj/main.o
LOAD obj/lib/ParTest.o
LOAD obj/lib/startup/startup_stm32f4xx.o
LOAD obj/lib/startup/system_stm32f4xx.o
LOAD obj/lib/FreeRTOSV8.1.2/FreeRTOS/Source/tasks.o
LOAD obj/lib/FreeRTOSV8.1.2/FreeRTOS/Source/queue.o
LOAD obj/lib/FreeRTOSV8.1.2/FreeRTOS/Source/list.o
LOAD obj/lib/FreeRTOSV8.1.2/FreeRTOS/Source/croutine.o
LOAD obj/lib/FreeRTOSV8.1.2/FreeRTOS/Source/portable/GCC/ARM_CM4F/port.o
LOAD obj/lib/FreeRTOSV8.1.2/FreeRTOS/Source/timers.o
LOAD obj/lib/FreeRTOSV8.1.2/FreeRTOS/Source/portable/MemMang/heap_1.o
LOAD obj/lib/FreeRTOSV8.1.2/FreeRTOS/Demo/Common/Minimal/BlockQ.o
LOAD obj/lib/FreeRTOSV8.1.2/FreeRTOS/Demo/Common/Minimal/blocktim.o
LOAD obj/lib/FreeRTOSV8.1.2/FreeRTOS/Demo/Common/Minimal/countsem.o
LOAD obj/lib/FreeRTOSV8.1.2/FreeRTOS/Demo/Common/Minimal/death.o
LOAD obj/lib/FreeRTOSV8.1.2/FreeRTOS/Demo/Common/Minimal/dynamic.o
LOAD obj/lib/FreeRTOSV8.1.2/FreeRTOS/Demo/Common/Minimal/flash.o
LOAD obj/lib/FreeRTOSV8.1.2/FreeRTOS/Demo/Common/Minimal/flop.o
LOAD obj/lib/FreeRTOSV8.1.2/FreeRTOS/Demo/Common/Minimal/GenQTest.o
LOAD obj/lib/FreeRTOSV8.1.2/FreeRTOS/Demo/Common/Minimal/integer.o
LOAD obj/lib/FreeRTOSV8.1.2/FreeRTOS/Demo/Common/Minimal/PollQ.o
LOAD obj/lib/FreeRTOSV8.1.2/FreeRTOS/Demo/Common/Minimal/recmutex.o
LOAD obj/lib/FreeRTOSV8.1.2/FreeRTOS/Demo/Common/Minimal/semtest.o
LOAD obj/lib/board/stm32f4_discovery.o
LOAD obj/lib/chip/STM32F4xx_StdPeriph_Driver/src/misc.o
LOAD obj/lib/chip/STM32F4xx_StdPeriph_Driver/src/stm32f4xx_adc.o
LOAD obj/lib/chip/STM32F4xx_StdPeriph_Driver/src/stm32f4xx_can.o
LOAD obj/lib/chip/STM32F4xx_StdPeriph_Driver/src/stm32f4xx_crc.o
LOAD obj/lib/chip/STM32F4xx_StdPeriph_Driver/src/stm32f4xx_cryp.o
LOAD obj/lib/chip/STM32F4xx_StdPeriph_Driver/src/stm32f4xx_cryp_aes.o
LOAD obj/lib/chip/STM32F4xx_StdPeriph_Driver/src/stm32f4xx_cryp_des.o
LOAD obj/lib/chip/STM32F4xx_StdPeriph_Driver/src/stm32f4xx_cryp_tdes.o
LOAD obj/lib/chip/STM32F4xx_StdPeriph_Driver/src/stm32f4xx_dac.o
LOAD obj/lib/chip/STM32F4xx_StdPeriph_Driver/src/stm32f4xx_dbgmcu.o
LOAD obj/lib/chip/STM32F4xx_StdPeriph_Driver/src/stm32f4xx_dcmi.o
LOAD obj/lib/chip/STM32F4xx_StdPeriph_Driver/src/stm32f4xx_dma.o
LOAD obj/lib/chip/STM32F4xx_StdPeriph_Driver/src/stm32f4xx_exti.o
LOAD obj/lib/chip/STM32F4xx_StdPeriph_Driver/src/stm32f4xx_flash.o
LOAD obj/lib/chip/STM32F4xx_StdPeriph_Driver/src/stm32f4xx_fsmc.o
LOAD obj/lib/chip/STM32F4xx_StdPeriph_Driver/src/stm32f4xx_gpio.o
LOAD obj/lib/chip/STM32F4xx_StdPeriph_Driver/src/stm32f4xx_hash.o
LOAD obj/lib/chip/STM32F4xx_StdPeriph_Driver/src/stm32f4xx_hash_md5.o
LOAD obj/lib/chip/STM32F4xx_StdPeriph_Driver/src/stm32f4xx_hash_sha1.o
LOAD obj/lib/chip/STM32F4xx_StdPeriph_Driver/src/stm32f4xx_i2c.o
LOAD obj/lib/chip/STM32F4xx_StdPeriph_Driver/src/stm32f4xx_iwdg.o
LOAD obj/lib/chip/STM32F4xx_StdPeriph_Driver/src/stm32f4xx_pwr.o
LOAD obj/lib/chip/STM32F4xx_StdPeriph_Driver/src/stm32f4xx_rcc.o
LOAD obj/lib/chip/STM32F4xx_StdPeriph_Driver/src/stm32f4xx_rng.o
LOAD obj/lib/chip/STM32F4xx_StdPeriph_Driver/src/stm32f4xx_rtc.o
LOAD obj/lib/chip/STM32F4xx_StdPeriph_Driver/src/stm32f4xx_sdio.o
LOAD obj/lib/chip/STM32F4xx_StdPeriph_Driver/src/stm32f4xx_spi.o
LOAD obj/lib/chip/STM32F4xx_StdPeriph_Driver/src/stm32f4xx_syscfg.o
LOAD obj/lib/chip/STM32F4xx_StdPeriph_Driver/src/stm32f4xx_tim.o
LOAD obj/lib/chip/STM32F4xx_StdPeriph_Driver/src/stm32f4xx_usart.o
LOAD obj/lib/chip/STM32F4xx_StdPeriph_Driver/src/stm32f4xx_wwdg.o
LOAD /usr/lib/gcc/arm-none-eabi/4.8.2/../../../arm-none-eabi/lib/armv7e-m/softfp/libm.a
START GROUP
LOAD /usr/lib/gcc/arm-none-eabi/4.8.2/armv7e-m/softfp/libgcc.a
LOAD /usr/lib/gcc/arm-none-eabi/4.8.2/../../../arm-none-eabi/lib/armv7e-m/softfp/libc.a
END GROUP
LOAD /usr/lib/gcc/arm-none-eabi/4.8.2/armv7e-m/softfp/crtend.o
LOAD /usr/lib/gcc/arm-none-eabi/4.8.2/armv7e-m/softfp/crtn.o
                0x20020000                _estack = 0x20020000
                0x00000000                _Min_Heap_Size = 0x0
                0x00000400                _Min_Stack_Size = 0x400

.isr_vector     0x08000000      0x188
                0x08000000                . = ALIGN (0x4)
 *(.isr_vector)
 .isr_vector    0x08000000      0x188 obj/lib/startup/startup_stm32f4xx.o
                0x08000000                g_pfnVectors
                0x08000188                . = ALIGN (0x4)

.text           0x08000188     0x7570
                0x08000188                . = ALIGN (0x4)
 *(.text)
 .text          0x08000188       0xc8 /usr/lib/gcc/arm-none-eabi/4.8.2/armv7e-m/softfp/crtbegin.o
 .text          0x08000250      0x370 /usr/lib/gcc/arm-none-eabi/4.8.2/armv7e-m/softfp/libgcc.a(_arm_addsubdf3.o)
                0x08000250                __aeabi_drsub
                0x08000258                __aeabi_dsub
                0x08000258                __subdf3
                0x0800025c                __adddf3
                0x0800025c                __aeabi_dadd
                0x080004d4                __aeabi_ui2d
                0x080004d4                __floatunsidf
                0x080004f4                __floatsidf
                0x080004f4                __aeabi_i2d
                0x08000518                __extendsfdf2
                0x08000518                __aeabi_f2d
                0x08000554                __aeabi_ul2d
                0x08000554                __floatundidf
                0x08000564                __floatdidf
                0x08000564                __aeabi_l2d
 .text          0x080005c0      0x424 /usr/lib/gcc/arm-none-eabi/4.8.2/armv7e-m/softfp/libgcc.a(_arm_muldivdf3.o)
                0x080005c0                __aeabi_dmul
                0x080005c0                __muldf3
                0x08000814                __aeabi_ddiv
                0x08000814                __divdf3
 .text          0x080009e4      0x110 /usr/lib/gcc/arm-none-eabi/4.8.2/armv7e-m/softfp/libgcc.a(_arm_cmpdf2.o)
                0x080009e4                __gtdf2
                0x080009e4                __gedf2
                0x080009ec                __ltdf2
                0x080009ec                __ledf2
                0x080009f4                __cmpdf2
                0x080009f4                __eqdf2
                0x080009f4                __nedf2
                0x08000a70                __aeabi_cdrcmple
                0x08000a80                __aeabi_cdcmple
                0x08000a80                __aeabi_cdcmpeq
                0x08000a90                __aeabi_dcmpeq
                0x08000aa4                __aeabi_dcmplt
                0x08000ab8                __aeabi_dcmple
                0x08000acc                __aeabi_dcmpge
                0x08000ae0                __aeabi_dcmpgt
 .text          0x08000af4      0x134 /usr/lib/gcc/arm-none-eabi/4.8.2/../../../arm-none-eabi/lib/armv7e-m/softfp/libc.a(lib_a-memcpy.o)
                0x08000af4                memcpy
 *(.text*)
 .text.NVIC_SetPendingIRQ
                0x08000c28       0x34 obj/main.o
 .text.main     0x08000c5c       0x18 obj/main.o
                0x08000c5c                main
 .text.prvCheckTimerCallback
                0x08000c74      0x134 obj/main.o
 .text.prvButtonTestTask
                0x08000da8       0x64 obj/main.o
 .text.prvSetupHardware
                0x08000e0c       0x18 obj/main.o
 .text.vApplicationTickHook
                0x08000e24       0x38 obj/main.o
                0x08000e24                vApplicationTickHook
 .text.prvSetupNestedFPUInterruptsTest
                0x08000e5c       0x3c obj/main.o
 .text.TIM3_IRQHandler
                0x08000e98       0x64 obj/main.o
                0x08000e98                TIM3_IRQHandler
 .text.TIM2_IRQHandler
                0x08000efc       0x38 obj/main.o
                0x08000efc                TIM2_IRQHandler
 .text.prvOptionallyCreateComprehensveTestApplication
                0x08000f34       0xec obj/main.o
 .text.EXTI9_5_IRQHandler
                0x08001020       0x44 obj/main.o
                0x08001020                EXTI9_5_IRQHandler
 .text.vApplicationMallocFailedHook
                0x08001064        0xc obj/main.o
                0x08001064                vApplicationMallocFailedHook
 .text.vApplicationIdleHook
                0x08001070        0xc obj/main.o
                0x08001070                vApplicationIdleHook
 .text.vApplicationStackOverflowHook
                0x0800107c       0x10 obj/main.o
                0x0800107c                vApplicationStackOverflowHook
 .text.assert_failed
                0x0800108c       0x14 obj/main.o
                0x0800108c                assert_failed
 .text.vParTestInitialise
                0x080010a0       0x20 obj/lib/ParTest.o
                0x080010a0                vParTestInitialise
 .text.vParTestToggleLED
                0x080010c0       0x30 obj/lib/ParTest.o
                0x080010c0                vParTestToggleLED
 .text.Reset_Handler
                0x080010f0       0x58 obj/lib/startup/startup_stm32f4xx.o
                0x080010f0                Reset_Handler
 .text.Default_Handler
                0x08001148        0x2 obj/lib/startup/startup_stm32f4xx.o
                0x08001148                RTC_Alarm_IRQHandler
                0x08001148                HASH_RNG_IRQHandler
                0x08001148                EXTI2_IRQHandler
                0x08001148                TIM8_CC_IRQHandler
                0x08001148                DebugMon_Handler
                0x08001148                TIM1_CC_IRQHandler
                0x08001148                DMA2_Stream5_IRQHandler
                0x08001148                HardFault_Handler
                0x08001148                DMA1_Stream5_IRQHandler
                0x08001148                PVD_IRQHandler
                0x08001148                SDIO_IRQHandler
                0x08001148                TAMP_STAMP_IRQHandler
                0x08001148                NMI_Handler
                0x08001148                CAN2_RX1_IRQHandler
                0x08001148                EXTI3_IRQHandler
                0x08001148                TIM8_TRG_COM_TIM14_IRQHandler
                0x08001148                TIM1_UP_TIM10_IRQHandler
                0x08001148                TIM8_UP_TIM13_IRQHandler
                0x08001148                I2C3_ER_IRQHandler
                0x08001148                EXTI0_IRQHandler
                0x08001148                I2C2_EV_IRQHandler
                0x08001148                DMA1_Stream2_IRQHandler
                0x08001148                CAN1_RX0_IRQHandler
                0x08001148                FPU_IRQHandler
                0x08001148                OTG_HS_WKUP_IRQHandler
                0x08001148                UsageFault_Handler
                0x08001148                CAN2_SCE_IRQHandler
                0x08001148                DMA2_Stream2_IRQHandler
                0x08001148                SPI1_IRQHandler
                0x08001148                TIM6_DAC_IRQHandler
                0x08001148                TIM1_BRK_TIM9_IRQHandler
                0x08001148                DCMI_IRQHandler
                0x08001148                CAN2_RX0_IRQHandler
                0x08001148                DMA2_Stream3_IRQHandler
                0x08001148                USART6_IRQHandler
                0x08001148                USART3_IRQHandler
                0x08001148                CRYP_IRQHandler
                0x08001148                CAN1_RX1_IRQHandler
                0x08001148                UART5_IRQHandler
                0x08001148                DMA2_Stream0_IRQHandler
                0x08001148                TIM4_IRQHandler
                0x08001148                I2C1_EV_IRQHandler
                0x08001148                DMA1_Stream6_IRQHandler
                0x08001148                DMA1_Stream1_IRQHandler
                0x08001148                UART4_IRQHandler
                0x08001148                RCC_IRQHandler
                0x08001148                TIM8_BRK_TIM12_IRQHandler
                0x08001148                Default_Handler
                0x08001148                EXTI15_10_IRQHandler
                0x08001148                ADC_IRQHandler
                0x08001148                DMA1_Stream7_IRQHandler
                0x08001148                TIM7_IRQHandler
                0x08001148                CAN2_TX_IRQHandler
                0x08001148                TIM5_IRQHandler
                0x08001148                DMA2_Stream7_IRQHandler
                0x08001148                I2C3_EV_IRQHandler
                0x08001148                RTC_WKUP_IRQHandler
                0x08001148                ETH_WKUP_IRQHandler
                0x08001148                SPI2_IRQHandler
                0x08001148                OTG_HS_EP1_IN_IRQHandler
                0x08001148                MemManage_Handler
                0x08001148                DMA1_Stream0_IRQHandler
                0x08001148                CAN1_TX_IRQHandler
                0x08001148                EXTI4_IRQHandler
                0x08001148                FSMC_IRQHandler
                0x08001148                ETH_IRQHandler
                0x08001148                OTG_HS_EP1_OUT_IRQHandler
                0x08001148                WWDG_IRQHandler
                0x08001148                OTG_FS_WKUP_IRQHandler
                0x08001148                TIM1_TRG_COM_TIM11_IRQHandler
                0x08001148                OTG_HS_IRQHandler
                0x08001148                EXTI1_IRQHandler
                0x08001148                USART2_IRQHandler
                0x08001148                I2C2_ER_IRQHandler
                0x08001148                DMA2_Stream1_IRQHandler
                0x08001148                CAN1_SCE_IRQHandler
                0x08001148                FLASH_IRQHandler
                0x08001148                DMA2_Stream4_IRQHandler
                0x08001148                BusFault_Handler
                0x08001148                USART1_IRQHandler
                0x08001148                OTG_FS_IRQHandler
                0x08001148                SPI3_IRQHandler
                0x08001148                DMA1_Stream4_IRQHandler
                0x08001148                I2C1_ER_IRQHandler
                0x08001148                DMA2_Stream6_IRQHandler
                0x08001148                DMA1_Stream3_IRQHandler
 *fill*         0x0800114a        0x2 
 .text.SystemInit
                0x0800114c       0xac obj/lib/startup/system_stm32f4xx.o
                0x0800114c                SystemInit
 .text.SetSysClock
                0x080011f8      0x17c obj/lib/startup/system_stm32f4xx.o
 .text.xTaskGenericCreate
                0x08001374      0x1b0 obj/lib/FreeRTOSV8.1.2/FreeRTOS/Source/tasks.o
                0x08001374                xTaskGenericCreate
 .text.vTaskDelete
                0x08001524      0x110 obj/lib/FreeRTOSV8.1.2/FreeRTOS/Source/tasks.o
                0x08001524                vTaskDelete
 .text.vTaskDelayUntil
                0x08001634       0xf8 obj/lib/FreeRTOSV8.1.2/FreeRTOS/Source/tasks.o
                0x08001634                vTaskDelayUntil
 .text.vTaskDelay
                0x0800172c       0x98 obj/lib/FreeRTOSV8.1.2/FreeRTOS/Source/tasks.o
                0x0800172c                vTaskDelay
 .text.uxTaskPriorityGet
                0x080017c4       0x38 obj/lib/FreeRTOSV8.1.2/FreeRTOS/Source/tasks.o
                0x080017c4                uxTaskPriorityGet
 .text.vTaskPrioritySet
                0x080017fc      0x16c obj/lib/FreeRTOSV8.1.2/FreeRTOS/Source/tasks.o
                0x080017fc                vTaskPrioritySet
 .text.vTaskSuspend
                0x08001968      0x11c obj/lib/FreeRTOSV8.1.2/FreeRTOS/Source/tasks.o
                0x08001968                vTaskSuspend
 .text.prvTaskIsTaskSuspended
                0x08001a84       0x68 obj/lib/FreeRTOSV8.1.2/FreeRTOS/Source/tasks.o
 .text.vTaskResume
                0x08001aec       0xac obj/lib/FreeRTOSV8.1.2/FreeRTOS/Source/tasks.o
                0x08001aec                vTaskResume
 .text.vTaskStartScheduler
                0x08001b98       0x78 obj/lib/FreeRTOSV8.1.2/FreeRTOS/Source/tasks.o
                0x08001b98                vTaskStartScheduler
 .text.vTaskSuspendAll
                0x08001c10       0x24 obj/lib/FreeRTOSV8.1.2/FreeRTOS/Source/tasks.o
                0x08001c10                vTaskSuspendAll
 .text.xTaskResumeAll
                0x08001c34      0x154 obj/lib/FreeRTOSV8.1.2/FreeRTOS/Source/tasks.o
                0x08001c34                xTaskResumeAll
 .text.xTaskGetTickCount
                0x08001d88       0x24 obj/lib/FreeRTOSV8.1.2/FreeRTOS/Source/tasks.o
                0x08001d88                xTaskGetTickCount
 .text.uxTaskGetNumberOfTasks
                0x08001dac       0x18 obj/lib/FreeRTOSV8.1.2/FreeRTOS/Source/tasks.o
                0x08001dac                uxTaskGetNumberOfTasks
 .text.xTaskIncrementTick
                0x08001dc4      0x1ec obj/lib/FreeRTOSV8.1.2/FreeRTOS/Source/tasks.o
                0x08001dc4                xTaskIncrementTick
 .text.vTaskSwitchContext
                0x08001fb0      0x130 obj/lib/FreeRTOSV8.1.2/FreeRTOS/Source/tasks.o
                0x08001fb0                vTaskSwitchContext
 .text.vTaskPlaceOnEventList
                0x080020e0       0xac obj/lib/FreeRTOSV8.1.2/FreeRTOS/Source/tasks.o
                0x080020e0                vTaskPlaceOnEventList
 .text.vTaskPlaceOnEventListRestricted
                0x0800218c       0x88 obj/lib/FreeRTOSV8.1.2/FreeRTOS/Source/tasks.o
                0x0800218c                vTaskPlaceOnEventListRestricted
 .text.xTaskRemoveFromEventList
                0x08002214       0xc8 obj/lib/FreeRTOSV8.1.2/FreeRTOS/Source/tasks.o
                0x08002214                xTaskRemoveFromEventList
 .text.vTaskSetTimeOutState
                0x080022dc       0x38 obj/lib/FreeRTOSV8.1.2/FreeRTOS/Source/tasks.o
                0x080022dc                vTaskSetTimeOutState
 .text.xTaskCheckForTimeOut
                0x08002314       0xa4 obj/lib/FreeRTOSV8.1.2/FreeRTOS/Source/tasks.o
                0x08002314                xTaskCheckForTimeOut
 .text.vTaskMissedYield
                0x080023b8       0x18 obj/lib/FreeRTOSV8.1.2/FreeRTOS/Source/tasks.o
                0x080023b8                vTaskMissedYield
 .text.prvIdleTask
                0x080023d0       0x24 obj/lib/FreeRTOSV8.1.2/FreeRTOS/Source/tasks.o
 .text.prvInitialiseTCBVariables
                0x080023f4       0x94 obj/lib/FreeRTOSV8.1.2/FreeRTOS/Source/tasks.o
 .text.prvInitialiseTaskLists
                0x08002488       0x98 obj/lib/FreeRTOSV8.1.2/FreeRTOS/Source/tasks.o
 .text.prvCheckTasksWaitingTermination
                0x08002520       0x94 obj/lib/FreeRTOSV8.1.2/FreeRTOS/Source/tasks.o
 .text.prvAddCurrentTaskToDelayedList
                0x080025b4       0x88 obj/lib/FreeRTOSV8.1.2/FreeRTOS/Source/tasks.o
 .text.prvAllocateTCBAndStack
                0x0800263c       0x64 obj/lib/FreeRTOSV8.1.2/FreeRTOS/Source/tasks.o
 .text.prvDeleteTCB
                0x080026a0       0x20 obj/lib/FreeRTOSV8.1.2/FreeRTOS/Source/tasks.o
 .text.prvResetNextTaskUnblockTime
                0x080026c0       0x58 obj/lib/FreeRTOSV8.1.2/FreeRTOS/Source/tasks.o
 .text.xTaskGetCurrentTaskHandle
                0x08002718       0x20 obj/lib/FreeRTOSV8.1.2/FreeRTOS/Source/tasks.o
                0x08002718                xTaskGetCurrentTaskHandle
 .text.xTaskGetSchedulerState
                0x08002738       0x40 obj/lib/FreeRTOSV8.1.2/FreeRTOS/Source/tasks.o
                0x08002738                xTaskGetSchedulerState
 .text.vTaskPriorityInherit
                0x08002778      0x124 obj/lib/FreeRTOSV8.1.2/FreeRTOS/Source/tasks.o
                0x08002778                vTaskPriorityInherit
 .text.xTaskPriorityDisinherit
                0x0800289c       0xf4 obj/lib/FreeRTOSV8.1.2/FreeRTOS/Source/tasks.o
                0x0800289c                xTaskPriorityDisinherit
 .text.pvTaskIncrementMutexHeldCount
                0x08002990       0x38 obj/lib/FreeRTOSV8.1.2/FreeRTOS/Source/tasks.o
                0x08002990                pvTaskIncrementMutexHeldCount
 .text.xQueueGenericReset
                0x080029c8       0xb0 obj/lib/FreeRTOSV8.1.2/FreeRTOS/Source/queue.o
                0x080029c8                xQueueGenericReset
 .text.xQueueGenericCreate
                0x08002a78       0x84 obj/lib/FreeRTOSV8.1.2/FreeRTOS/Source/queue.o
                0x08002a78                xQueueGenericCreate
 .text.xQueueCreateMutex
                0x08002afc       0x90 obj/lib/FreeRTOSV8.1.2/FreeRTOS/Source/queue.o
                0x08002afc                xQueueCreateMutex
 .text.xQueueGiveMutexRecursive
                0x08002b8c       0x58 obj/lib/FreeRTOSV8.1.2/FreeRTOS/Source/queue.o
                0x08002b8c                xQueueGiveMutexRecursive
 .text.xQueueTakeMutexRecursive
                0x08002be4       0x60 obj/lib/FreeRTOSV8.1.2/FreeRTOS/Source/queue.o
                0x08002be4                xQueueTakeMutexRecursive
 .text.xQueueCreateCountingSemaphore
                0x08002c44       0x54 obj/lib/FreeRTOSV8.1.2/FreeRTOS/Source/queue.o
                0x08002c44                xQueueCreateCountingSemaphore
 .text.xQueueGenericSend
                0x08002c98      0x18c obj/lib/FreeRTOSV8.1.2/FreeRTOS/Source/queue.o
                0x08002c98                xQueueGenericSend
 .text.xQueueGenericSendFromISR
                0x08002e24       0xe8 obj/lib/FreeRTOSV8.1.2/FreeRTOS/Source/queue.o
                0x08002e24                xQueueGenericSendFromISR
 .text.xQueueGenericReceive
                0x08002f0c      0x1bc obj/lib/FreeRTOSV8.1.2/FreeRTOS/Source/queue.o
                0x08002f0c                xQueueGenericReceive
 .text.uxQueueMessagesWaiting
                0x080030c8       0x2c obj/lib/FreeRTOSV8.1.2/FreeRTOS/Source/queue.o
                0x080030c8                uxQueueMessagesWaiting
 .text.prvCopyDataToQueue
                0x080030f4       0xdc obj/lib/FreeRTOSV8.1.2/FreeRTOS/Source/queue.o
 .text.prvCopyDataFromQueue
                0x080031d0       0x4c obj/lib/FreeRTOSV8.1.2/FreeRTOS/Source/queue.o
 .text.prvUnlockQueue
                0x0800321c       0x98 obj/lib/FreeRTOSV8.1.2/FreeRTOS/Source/queue.o
 .text.prvIsQueueEmpty
                0x080032b4       0x2c obj/lib/FreeRTOSV8.1.2/FreeRTOS/Source/queue.o
 .text.prvIsQueueFull
                0x080032e0       0x30 obj/lib/FreeRTOSV8.1.2/FreeRTOS/Source/queue.o
 .text.vQueueAddToRegistry
                0x08003310       0x5c obj/lib/FreeRTOSV8.1.2/FreeRTOS/Source/queue.o
                0x08003310                vQueueAddToRegistry
 .text.vQueueWaitForMessageRestricted
                0x0800336c       0x58 obj/lib/FreeRTOSV8.1.2/FreeRTOS/Source/queue.o
                0x0800336c                vQueueWaitForMessageRestricted
 .text.vListInitialise
                0x080033c4       0x40 obj/lib/FreeRTOSV8.1.2/FreeRTOS/Source/list.o
                0x080033c4                vListInitialise
 .text.vListInitialiseItem
                0x08003404       0x18 obj/lib/FreeRTOSV8.1.2/FreeRTOS/Source/list.o
                0x08003404                vListInitialiseItem
 .text.vListInsertEnd
                0x0800341c       0x48 obj/lib/FreeRTOSV8.1.2/FreeRTOS/Source/list.o
                0x0800341c                vListInsertEnd
 .text.vListInsert
                0x08003464       0x70 obj/lib/FreeRTOSV8.1.2/FreeRTOS/Source/list.o
                0x08003464                vListInsert
 .text.uxListRemove
                0x080034d4       0x54 obj/lib/FreeRTOSV8.1.2/FreeRTOS/Source/list.o
                0x080034d4                uxListRemove
 .text.pxPortInitialiseStack
                0x08003528       0x68 obj/lib/FreeRTOSV8.1.2/FreeRTOS/Source/portable/GCC/ARM_CM4F/port.o
                0x08003528                pxPortInitialiseStack
 .text.prvTaskExitError
                0x08003590       0x20 obj/lib/FreeRTOSV8.1.2/FreeRTOS/Source/portable/GCC/ARM_CM4F/port.o
 .text.SVC_Handler
                0x080035b0       0x20 obj/lib/FreeRTOSV8.1.2/FreeRTOS/Source/portable/GCC/ARM_CM4F/port.o
                0x080035b0                SVC_Handler
 .text.prvPortStartFirstTask
                0x080035d0       0x20 obj/lib/FreeRTOSV8.1.2/FreeRTOS/Source/portable/GCC/ARM_CM4F/port.o
 .text.xPortStartScheduler
                0x080035f0      0x118 obj/lib/FreeRTOSV8.1.2/FreeRTOS/Source/portable/GCC/ARM_CM4F/port.o
                0x080035f0                xPortStartScheduler
 .text.vPortYield
                0x08003708       0x24 obj/lib/FreeRTOSV8.1.2/FreeRTOS/Source/portable/GCC/ARM_CM4F/port.o
                0x08003708                vPortYield
 .text.vPortEnterCritical
                0x0800372c       0x50 obj/lib/FreeRTOSV8.1.2/FreeRTOS/Source/portable/GCC/ARM_CM4F/port.o
                0x0800372c                vPortEnterCritical
 .text.vPortExitCritical
                0x0800377c       0x44 obj/lib/FreeRTOSV8.1.2/FreeRTOS/Source/portable/GCC/ARM_CM4F/port.o
                0x0800377c                vPortExitCritical
 .text.ulPortSetInterruptMask
                0x080037c0       0x14 obj/lib/FreeRTOSV8.1.2/FreeRTOS/Source/portable/GCC/ARM_CM4F/port.o
                0x080037c0                ulPortSetInterruptMask
 .text.vPortClearInterruptMask
                0x080037d4        0x8 obj/lib/FreeRTOSV8.1.2/FreeRTOS/Source/portable/GCC/ARM_CM4F/port.o
                0x080037d4                vPortClearInterruptMask
 .text.PendSV_Handler
                0x080037dc       0x58 obj/lib/FreeRTOSV8.1.2/FreeRTOS/Source/portable/GCC/ARM_CM4F/port.o
                0x080037dc                PendSV_Handler
 .text.SysTick_Handler
                0x08003834       0x28 obj/lib/FreeRTOSV8.1.2/FreeRTOS/Source/portable/GCC/ARM_CM4F/port.o
                0x08003834                SysTick_Handler
 .text.vPortSetupTimerInterrupt
                0x0800385c       0x3c obj/lib/FreeRTOSV8.1.2/FreeRTOS/Source/portable/GCC/ARM_CM4F/port.o
                0x0800385c                vPortSetupTimerInterrupt
 .text.vPortEnableVFP
                0x08003898       0x14 obj/lib/FreeRTOSV8.1.2/FreeRTOS/Source/portable/GCC/ARM_CM4F/port.o
 .text.vPortValidateInterruptPriority
                0x080038ac       0x60 obj/lib/FreeRTOSV8.1.2/FreeRTOS/Source/portable/GCC/ARM_CM4F/port.o
                0x080038ac                vPortValidateInterruptPriority
 .text.xTimerCreateTimerTask
                0x0800390c       0x60 obj/lib/FreeRTOSV8.1.2/FreeRTOS/Source/timers.o
                0x0800390c                xTimerCreateTimerTask
 .text.xTimerCreate
                0x0800396c       0x6c obj/lib/FreeRTOSV8.1.2/FreeRTOS/Source/timers.o
                0x0800396c                xTimerCreate
 .text.xTimerGenericCommand
                0x080039d8       0xa0 obj/lib/FreeRTOSV8.1.2/FreeRTOS/Source/timers.o
                0x080039d8                xTimerGenericCommand
 .text.prvProcessExpiredTimer
                0x08003a78       0x74 obj/lib/FreeRTOSV8.1.2/FreeRTOS/Source/timers.o
 .text.prvTimerTask
                0x08003aec       0x24 obj/lib/FreeRTOSV8.1.2/FreeRTOS/Source/timers.o
 .text.prvProcessTimerOrBlockTask
                0x08003b10       0x70 obj/lib/FreeRTOSV8.1.2/FreeRTOS/Source/timers.o
 .text.prvGetNextExpireTime
                0x08003b80       0x50 obj/lib/FreeRTOSV8.1.2/FreeRTOS/Source/timers.o
 .text.prvSampleTimeNow
                0x08003bd0       0x48 obj/lib/FreeRTOSV8.1.2/FreeRTOS/Source/timers.o
 .text.prvInsertTimerInActiveList
                0x08003c18       0x88 obj/lib/FreeRTOSV8.1.2/FreeRTOS/Source/timers.o
 .text.prvProcessReceivedCommands
                0x08003ca0      0x114 obj/lib/FreeRTOSV8.1.2/FreeRTOS/Source/timers.o
 .text.prvSwitchTimerLists
                0x08003db4       0xd8 obj/lib/FreeRTOSV8.1.2/FreeRTOS/Source/timers.o
 .text.prvCheckForValidListAndQueue
                0x08003e8c       0xa8 obj/lib/FreeRTOSV8.1.2/FreeRTOS/Source/timers.o
 .text.pvPortMalloc
                0x08003f34       0xc8 obj/lib/FreeRTOSV8.1.2/FreeRTOS/Source/portable/MemMang/heap_1.o
                0x08003f34                pvPortMalloc
 .text.vPortFree
                0x08003ffc       0x1c obj/lib/FreeRTOSV8.1.2/FreeRTOS/Source/portable/MemMang/heap_1.o
                0x08003ffc                vPortFree
 .text.vStartBlockingQueueTasks
                0x08004018      0x1ec obj/lib/FreeRTOSV8.1.2/FreeRTOS/Demo/Common/Minimal/BlockQ.o
                0x08004018                vStartBlockingQueueTasks
 .text.vBlockingQueueProducer
                0x08004204       0x5c obj/lib/FreeRTOSV8.1.2/FreeRTOS/Demo/Common/Minimal/BlockQ.o
 .text.vBlockingQueueConsumer
                0x08004260       0x68 obj/lib/FreeRTOSV8.1.2/FreeRTOS/Demo/Common/Minimal/BlockQ.o
 .text.xAreBlockingQueuesStillRunning
                0x080042c8       0xbc obj/lib/FreeRTOSV8.1.2/FreeRTOS/Demo/Common/Minimal/BlockQ.o
                0x080042c8                xAreBlockingQueuesStillRunning
 .text.vCreateBlockTimeTasks
                0x08004384       0x90 obj/lib/FreeRTOSV8.1.2/FreeRTOS/Demo/Common/Minimal/blocktim.o
                0x08004384                vCreateBlockTimeTasks
 .text.vPrimaryBlockTimeTestTask
                0x08004414      0x3ec obj/lib/FreeRTOSV8.1.2/FreeRTOS/Demo/Common/Minimal/blocktim.o
 .text.vSecondaryBlockTimeTestTask
                0x08004800      0x124 obj/lib/FreeRTOSV8.1.2/FreeRTOS/Demo/Common/Minimal/blocktim.o
 .text.xAreBlockTimeTestTasksStillRunning
                0x08004924       0x8c obj/lib/FreeRTOSV8.1.2/FreeRTOS/Demo/Common/Minimal/blocktim.o
                0x08004924                xAreBlockTimeTestTasksStillRunning
 .text.vStartCountingSemaphoreTasks
                0x080049b0      0x108 obj/lib/FreeRTOSV8.1.2/FreeRTOS/Demo/Common/Minimal/countsem.o
                0x080049b0                vStartCountingSemaphoreTasks
 .text.prvDecrementSemaphoreCount
                0x08004ab8       0x88 obj/lib/FreeRTOSV8.1.2/FreeRTOS/Demo/Common/Minimal/countsem.o
 .text.prvIncrementSemaphoreCount
                0x08004b40       0x88 obj/lib/FreeRTOSV8.1.2/FreeRTOS/Demo/Common/Minimal/countsem.o
 .text.prvCountingSemaphoreTask
                0x08004bc8       0x68 obj/lib/FreeRTOSV8.1.2/FreeRTOS/Demo/Common/Minimal/countsem.o
 .text.vCreateSuicidalTasks
                0x08004c30       0x80 obj/lib/FreeRTOSV8.1.2/FreeRTOS/Demo/Common/Minimal/death.o
                0x08004c30                vCreateSuicidalTasks
 .text.vSuicidalTask
                0x08004cb0       0x54 obj/lib/FreeRTOSV8.1.2/FreeRTOS/Demo/Common/Minimal/death.o
 .text.vCreateTasks
                0x08004d04       0xa4 obj/lib/FreeRTOSV8.1.2/FreeRTOS/Demo/Common/Minimal/death.o
 .text.xIsCreateTaskStillRunning
                0x08004da8       0x98 obj/lib/FreeRTOSV8.1.2/FreeRTOS/Demo/Common/Minimal/death.o
                0x08004da8                xIsCreateTaskStillRunning
 .text.vStartDynamicPriorityTasks
                0x08004e40      0x118 obj/lib/FreeRTOSV8.1.2/FreeRTOS/Demo/Common/Minimal/dynamic.o
                0x08004e40                vStartDynamicPriorityTasks
 .text.vLimitedIncrementTask
                0x08004f58       0x30 obj/lib/FreeRTOSV8.1.2/FreeRTOS/Demo/Common/Minimal/dynamic.o
 .text.vContinuousIncrementTask
                0x08004f88       0x60 obj/lib/FreeRTOSV8.1.2/FreeRTOS/Demo/Common/Minimal/dynamic.o
 .text.vCounterControlTask
                0x08004fe8       0xf4 obj/lib/FreeRTOSV8.1.2/FreeRTOS/Demo/Common/Minimal/dynamic.o
 .text.vQueueSendWhenSuspendedTask
                0x080050dc       0x5c obj/lib/FreeRTOSV8.1.2/FreeRTOS/Demo/Common/Minimal/dynamic.o
 .text.vQueueReceiveWhenSuspendedTask
                0x08005138       0x90 obj/lib/FreeRTOSV8.1.2/FreeRTOS/Demo/Common/Minimal/dynamic.o
 .text.xAreDynamicPriorityTasksStillRunning
                0x080051c8       0xa0 obj/lib/FreeRTOSV8.1.2/FreeRTOS/Demo/Common/Minimal/dynamic.o
                0x080051c8                xAreDynamicPriorityTasksStillRunning
 .text.vStartLEDFlashTasks
                0x08005268       0x48 obj/lib/FreeRTOSV8.1.2/FreeRTOS/Demo/Common/Minimal/flash.o
                0x08005268                vStartLEDFlashTasks
 .text.vLEDFlashTask
                0x080052b0       0x74 obj/lib/FreeRTOSV8.1.2/FreeRTOS/Demo/Common/Minimal/flash.o
 .text.vStartMathTasks
                0x08005324       0xc0 obj/lib/FreeRTOSV8.1.2/FreeRTOS/Demo/Common/Minimal/flop.o
                0x08005324                vStartMathTasks
 *fill*         0x080053e4        0x4 
 .text.vCompetingMathTask1
                0x080053e8       0xf8 obj/lib/FreeRTOSV8.1.2/FreeRTOS/Demo/Common/Minimal/flop.o
 .text.vCompetingMathTask2
                0x080054e0       0xf8 obj/lib/FreeRTOSV8.1.2/FreeRTOS/Demo/Common/Minimal/flop.o
 .text.vCompetingMathTask3
                0x080055d8      0x130 obj/lib/FreeRTOSV8.1.2/FreeRTOS/Demo/Common/Minimal/flop.o
 .text.vCompetingMathTask4
                0x08005708      0x130 obj/lib/FreeRTOSV8.1.2/FreeRTOS/Demo/Common/Minimal/flop.o
 .text.xAreMathsTaskStillRunning
                0x08005838       0x54 obj/lib/FreeRTOSV8.1.2/FreeRTOS/Demo/Common/Minimal/flop.o
                0x08005838                xAreMathsTaskStillRunning
 .text.vStartGenericQueueTasks
                0x0800588c      0x110 obj/lib/FreeRTOSV8.1.2/FreeRTOS/Demo/Common/Minimal/GenQTest.o
                0x0800588c                vStartGenericQueueTasks
 .text.prvSendFrontAndBackTest
                0x0800599c      0x3d4 obj/lib/FreeRTOSV8.1.2/FreeRTOS/Demo/Common/Minimal/GenQTest.o
 .text.prvTakeTwoMutexesReturnInDifferentOrder
                0x08005d70      0x18c obj/lib/FreeRTOSV8.1.2/FreeRTOS/Demo/Common/Minimal/GenQTest.o
 .text.prvTakeTwoMutexesReturnInSameOrder
                0x08005efc      0x164 obj/lib/FreeRTOSV8.1.2/FreeRTOS/Demo/Common/Minimal/GenQTest.o
 .text.prvLowPriorityMutexTask
                0x08006060       0x60 obj/lib/FreeRTOSV8.1.2/FreeRTOS/Demo/Common/Minimal/GenQTest.o
 .text.prvMediumPriorityMutexTask
                0x080060c0       0x28 obj/lib/FreeRTOSV8.1.2/FreeRTOS/Demo/Common/Minimal/GenQTest.o
 .text.prvHighPriorityMutexTask
                0x080060e8       0x54 obj/lib/FreeRTOSV8.1.2/FreeRTOS/Demo/Common/Minimal/GenQTest.o
 .text.xAreGenericQueueTasksStillRunning
                0x0800613c       0x94 obj/lib/FreeRTOSV8.1.2/FreeRTOS/Demo/Common/Minimal/GenQTest.o
                0x0800613c                xAreGenericQueueTasksStillRunning
 .text.vStartIntegerMathTasks
                0x080061d0       0x58 obj/lib/FreeRTOSV8.1.2/FreeRTOS/Demo/Common/Minimal/integer.o
                0x080061d0                vStartIntegerMathTasks
 .text.vCompeteingIntMathTask
                0x08006228       0x6c obj/lib/FreeRTOSV8.1.2/FreeRTOS/Demo/Common/Minimal/integer.o
 .text.xAreIntegerMathsTaskStillRunning
                0x08006294       0x58 obj/lib/FreeRTOSV8.1.2/FreeRTOS/Demo/Common/Minimal/integer.o
                0x08006294                xAreIntegerMathsTaskStillRunning
 .text.vStartPolledQueueTasks
                0x080062ec       0x98 obj/lib/FreeRTOSV8.1.2/FreeRTOS/Demo/Common/Minimal/PollQ.o
                0x080062ec                vStartPolledQueueTasks
 .text.vPolledQueueProducer
                0x08006384       0x78 obj/lib/FreeRTOSV8.1.2/FreeRTOS/Demo/Common/Minimal/PollQ.o
 .text.vPolledQueueConsumer
                0x080063fc       0x84 obj/lib/FreeRTOSV8.1.2/FreeRTOS/Demo/Common/Minimal/PollQ.o
 .text.xArePollingQueuesStillRunning
                0x08006480       0x54 obj/lib/FreeRTOSV8.1.2/FreeRTOS/Demo/Common/Minimal/PollQ.o
                0x08006480                xArePollingQueuesStillRunning
 .text.vStartRecursiveMutexTasks
                0x080064d4       0xc8 obj/lib/FreeRTOSV8.1.2/FreeRTOS/Demo/Common/Minimal/recmutex.o
                0x080064d4                vStartRecursiveMutexTasks
 .text.prvRecursiveMutexControllingTask
                0x0800659c       0xf8 obj/lib/FreeRTOSV8.1.2/FreeRTOS/Demo/Common/Minimal/recmutex.o
 .text.prvRecursiveMutexBlockingTask
                0x08006694       0xcc obj/lib/FreeRTOSV8.1.2/FreeRTOS/Demo/Common/Minimal/recmutex.o
 .text.prvRecursiveMutexPollingTask
                0x08006760       0xf0 obj/lib/FreeRTOSV8.1.2/FreeRTOS/Demo/Common/Minimal/recmutex.o
 .text.xAreRecursiveMutexTasksStillRunning
                0x08006850       0xdc obj/lib/FreeRTOSV8.1.2/FreeRTOS/Demo/Common/Minimal/recmutex.o
                0x08006850                xAreRecursiveMutexTasksStillRunning
 .text.vStartSemaphoreTasks
                0x0800692c      0x178 obj/lib/FreeRTOSV8.1.2/FreeRTOS/Demo/Common/Minimal/semtest.o
                0x0800692c                vStartSemaphoreTasks
 .text.prvSemaphoreTest
                0x08006aa4      0x11c obj/lib/FreeRTOSV8.1.2/FreeRTOS/Demo/Common/Minimal/semtest.o
 .text.xAreSemaphoreTasksStillRunning
                0x08006bc0       0x74 obj/lib/FreeRTOSV8.1.2/FreeRTOS/Demo/Common/Minimal/semtest.o
                0x08006bc0                xAreSemaphoreTasksStillRunning
 .text.STM_EVAL_LEDInit
                0x08006c34       0x60 obj/lib/board/stm32f4_discovery.o
                0x08006c34                STM_EVAL_LEDInit
 .text.STM_EVAL_LEDToggle
                0x08006c94       0x44 obj/lib/board/stm32f4_discovery.o
                0x08006c94                STM_EVAL_LEDToggle
 .text.NVIC_PriorityGroupConfig
                0x08006cd8       0x58 obj/lib/chip/STM32F4xx_StdPeriph_Driver/src/misc.o
                0x08006cd8                NVIC_PriorityGroupConfig
 .text.NVIC_Init
                0x08006d30      0x114 obj/lib/chip/STM32F4xx_StdPeriph_Driver/src/misc.o
                0x08006d30                NVIC_Init
 .text.EXTI_ClearITPendingBit
                0x08006e44       0x3c obj/lib/chip/STM32F4xx_StdPeriph_Driver/src/stm32f4xx_exti.o
                0x08006e44                EXTI_ClearITPendingBit
 .text.GPIO_Init
                0x08006e80      0x25c obj/lib/chip/STM32F4xx_StdPeriph_Driver/src/stm32f4xx_gpio.o
                0x08006e80                GPIO_Init
 .text.RCC_AHB1PeriphClockCmd
                0x080070dc       0x90 obj/lib/chip/STM32F4xx_StdPeriph_Driver/src/stm32f4xx_rcc.o
                0x080070dc                RCC_AHB1PeriphClockCmd
 .text.atexit   0x0800716c        0xc /usr/lib/gcc/arm-none-eabi/4.8.2/../../../arm-none-eabi/lib/armv7e-m/softfp/libc.a(lib_a-atexit.o)
                0x0800716c                atexit
 .text.__libc_fini_array
                0x08007178       0x34 /usr/lib/gcc/arm-none-eabi/4.8.2/../../../arm-none-eabi/lib/armv7e-m/softfp/libc.a(lib_a-fini.o)
                0x08007178                __libc_fini_array
 .text.__libc_init_array
                0x080071ac       0x5c /usr/lib/gcc/arm-none-eabi/4.8.2/../../../arm-none-eabi/lib/armv7e-m/softfp/libc.a(lib_a-init.o)
                0x080071ac                __libc_init_array
 .text.memcmp   0x08007208       0x68 /usr/lib/gcc/arm-none-eabi/4.8.2/../../../arm-none-eabi/lib/armv7e-m/softfp/libc.a(lib_a-memcmp.o)
                0x08007208                memcmp
 .text.memset   0x08007270       0x94 /usr/lib/gcc/arm-none-eabi/4.8.2/../../../arm-none-eabi/lib/armv7e-m/softfp/libc.a(lib_a-memset.o)
                0x08007270                memset
 .text.__register_exitproc
                0x08007304       0xac /usr/lib/gcc/arm-none-eabi/4.8.2/../../../arm-none-eabi/lib/armv7e-m/softfp/libc.a(lib_a-__atexit.o)
                0x08007304                __register_exitproc
 .text.startup.register_fini
                0x080073b0       0x18 /usr/lib/gcc/arm-none-eabi/4.8.2/../../../arm-none-eabi/lib/armv7e-m/softfp/libc.a(lib_a-__call_atexit.o)
 *(.rodata)
 .rodata        0x080073c8       0x14 obj/main.o
 .rodata        0x080073dc        0x8 obj/lib/FreeRTOSV8.1.2/FreeRTOS/Source/tasks.o
 .rodata        0x080073e4       0x10 obj/lib/FreeRTOSV8.1.2/FreeRTOS/Source/timers.o
 .rodata        0x080073f4       0x30 obj/lib/FreeRTOSV8.1.2/FreeRTOS/Demo/Common/Minimal/BlockQ.o
 .rodata        0x08007424       0x24 obj/lib/FreeRTOSV8.1.2/FreeRTOS/Demo/Common/Minimal/blocktim.o
 .rodata        0x08007448       0x30 obj/lib/FreeRTOSV8.1.2/FreeRTOS/Demo/Common/Minimal/countsem.o
 .rodata        0x08007478       0x18 obj/lib/FreeRTOSV8.1.2/FreeRTOS/Demo/Common/Minimal/death.o
 .rodata        0x08007490       0x40 obj/lib/FreeRTOSV8.1.2/FreeRTOS/Demo/Common/Minimal/dynamic.o
 .rodata        0x080074d0        0x8 obj/lib/FreeRTOSV8.1.2/FreeRTOS/Demo/Common/Minimal/flash.o
 .rodata        0x080074d8       0x20 obj/lib/FreeRTOSV8.1.2/FreeRTOS/Demo/Common/Minimal/flop.o
 .rodata        0x080074f8       0x40 obj/lib/FreeRTOSV8.1.2/FreeRTOS/Demo/Common/Minimal/GenQTest.o
 .rodata        0x08007538        0x8 obj/lib/FreeRTOSV8.1.2/FreeRTOS/Demo/Common/Minimal/integer.o
 .rodata        0x08007540       0x20 obj/lib/FreeRTOSV8.1.2/FreeRTOS/Demo/Common/Minimal/PollQ.o
 .rodata        0x08007560       0x28 obj/lib/FreeRTOSV8.1.2/FreeRTOS/Demo/Common/Minimal/recmutex.o
 .rodata        0x08007588       0x40 obj/lib/FreeRTOSV8.1.2/FreeRTOS/Demo/Common/Minimal/semtest.o
 .rodata        0x080075c8       0x30 obj/lib/chip/STM32F4xx_StdPeriph_Driver/src/misc.o
 .rodata        0x080075f8       0x3c obj/lib/chip/STM32F4xx_StdPeriph_Driver/src/stm32f4xx_exti.o
 .rodata        0x08007634       0x3c obj/lib/chip/STM32F4xx_StdPeriph_Driver/src/stm32f4xx_gpio.o
 .rodata        0x08007670       0x38 obj/lib/chip/STM32F4xx_StdPeriph_Driver/src/stm32f4xx_rcc.o
 *(.rodata*)
 .rodata.xLEDs  0x080076a8        0x4 obj/lib/ParTest.o
 .rodata.ucExpectedStackBytes.5311
                0x080076ac       0x14 obj/lib/FreeRTOSV8.1.2/FreeRTOS/Source/tasks.o
 .rodata.GPIO_PIN
                0x080076c0        0x8 obj/lib/board/stm32f4_discovery.o
                0x080076c0                GPIO_PIN
 .rodata.GPIO_CLK
                0x080076c8       0x10 obj/lib/board/stm32f4_discovery.o
                0x080076c8                GPIO_CLK
 .rodata.str1.4
                0x080076d8        0x4 /usr/lib/gcc/arm-none-eabi/4.8.2/../../../arm-none-eabi/lib/armv7e-m/softfp/libc.a(lib_a-impure.o)
 .rodata._global_impure_ptr
                0x080076dc        0x4 /usr/lib/gcc/arm-none-eabi/4.8.2/../../../arm-none-eabi/lib/armv7e-m/softfp/libc.a(lib_a-impure.o)
                0x080076dc                _global_impure_ptr
 *(.glue_7)
 .glue_7        0x00000000        0x0 linker stubs
 *(.glue_7t)
 .glue_7t       0x00000000        0x0 linker stubs
 *(.eh_frame)
 .eh_frame      0x080076e0        0x0 /usr/lib/gcc/arm-none-eabi/4.8.2/armv7e-m/softfp/crtbegin.o
 *(.init)
 .init          0x080076e0        0x4 /usr/lib/gcc/arm-none-eabi/4.8.2/armv7e-m/softfp/crti.o
                0x080076e0                _init
 .init          0x080076e4        0x8 /usr/lib/gcc/arm-none-eabi/4.8.2/armv7e-m/softfp/crtn.o
 *(.fini)
 .fini          0x080076ec        0x4 /usr/lib/gcc/arm-none-eabi/4.8.2/armv7e-m/softfp/crti.o
                0x080076ec                _fini
 .fini          0x080076f0        0x8 /usr/lib/gcc/arm-none-eabi/4.8.2/armv7e-m/softfp/crtn.o
                0x080076f8                . = ALIGN (0x4)
                0x080076f8                _etext = .

.vfp11_veneer   0x080076f8        0x0
 .vfp11_veneer  0x00000000        0x0 linker stubs

.v4_bx          0x080076f8        0x0
 .v4_bx         0x00000000        0x0 linker stubs

.iplt           0x080076f8        0x0
 .iplt          0x00000000        0x0 /usr/lib/gcc/arm-none-eabi/4.8.2/armv7e-m/softfp/crtbegin.o

.rel.dyn        0x080076f8        0x0
 .rel.iplt      0x00000000        0x0 /usr/lib/gcc/arm-none-eabi/4.8.2/armv7e-m/softfp/crtbegin.o

.ARM.extab
 *(.ARM.extab* .gnu.linkonce.armextab.*)

.ARM            0x080076f8        0x0
                0x080076f8                __exidx_start = .
 *(.ARM.exidx*)
                0x080076f8                __exidx_end = .

.preinit_array  0x080076f8        0x0
                0x080076f8                PROVIDE (__preinit_array_start, .)
 *(.preinit_array*)
                0x080076f8                PROVIDE (__preinit_array_end, .)

.init_array     0x080076f8        0x8
                0x080076f8                PROVIDE (__init_array_start, .)
 *(SORT(.init_array.*))
 .init_array.00000
                0x080076f8        0x4 /usr/lib/gcc/arm-none-eabi/4.8.2/../../../arm-none-eabi/lib/armv7e-m/softfp/libc.a(lib_a-__call_atexit.o)
 *(.init_array*)
 .init_array    0x080076fc        0x4 /usr/lib/gcc/arm-none-eabi/4.8.2/armv7e-m/softfp/crtbegin.o
                0x08007700                PROVIDE (__init_array_end, .)

.fini_array     0x08007700        0x4
                0x08007700                PROVIDE (__fini_array_start, .)
 *(.fini_array*)
 .fini_array    0x08007700        0x4 /usr/lib/gcc/arm-none-eabi/4.8.2/armv7e-m/softfp/crtbegin.o
 *(SORT(.fini_array.*))
                0x08007704                PROVIDE (__fini_array_end, .)
                0x08007704                _sidata = .

.data           0x20000000      0x448 load address 0x08007704
                0x20000000                . = ALIGN (0x4)
                0x20000000                _sdata = .
 *(.data)
 *(.data*)
 .data.SystemCoreClock
                0x20000000        0x4 obj/lib/startup/system_stm32f4xx.o
                0x20000000                SystemCoreClock
 .data.xNextTaskUnblockTime
                0x20000004        0x4 obj/lib/FreeRTOSV8.1.2/FreeRTOS/Source/tasks.o
 .data.uxCriticalNesting
                0x20000008        0x4 obj/lib/FreeRTOSV8.1.2/FreeRTOS/Source/portable/GCC/ARM_CM4F/port.o
 .data.usLastCreationCount.4928
                0x2000000c        0x2 obj/lib/FreeRTOSV8.1.2/FreeRTOS/Demo/Common/Minimal/death.o
 *fill*         0x2000000e        0x2 
 .data.GPIO_PORT
                0x20000010       0x10 obj/lib/board/stm32f4_discovery.o
                0x20000010                GPIO_PORT
 .data.impure_data
                0x20000020      0x428 /usr/lib/gcc/arm-none-eabi/4.8.2/../../../arm-none-eabi/lib/armv7e-m/softfp/libc.a(lib_a-impure.o)
                0x20000448                . = ALIGN (0x4)
                0x20000448                _edata = .

.jcr            0x20000448        0x0 load address 0x08007b4c
 .jcr           0x20000448        0x0 /usr/lib/gcc/arm-none-eabi/4.8.2/armv7e-m/softfp/crtbegin.o

.tm_clone_table
                0x20000448        0x0 load address 0x08007b4c
 .tm_clone_table
                0x20000448        0x0 /usr/lib/gcc/arm-none-eabi/4.8.2/armv7e-m/softfp/crtbegin.o
 .tm_clone_table
                0x20000448        0x0 /usr/lib/gcc/arm-none-eabi/4.8.2/armv7e-m/softfp/crtend.o

.igot.plt       0x20000448        0x0 load address 0x08007b4c
 .igot.plt      0x00000000        0x0 /usr/lib/gcc/arm-none-eabi/4.8.2/armv7e-m/softfp/crtbegin.o
                0x20000448                . = ALIGN (0x4)

.bss            0x20000448    0x12ee0 load address 0x08007b4c
                0x20000448                _sbss = .
                0x20000448                __bss_start__ = _sbss
 *(.bss)
 .bss           0x20000448       0x1c /usr/lib/gcc/arm-none-eabi/4.8.2/armv7e-m/softfp/crtbegin.o
 *(.bss*)
 .bss.ulRegTest1LoopCounter
                0x20000464        0x4 obj/main.o
                0x20000464                ulRegTest1LoopCounter
 .bss.ulRegTest2LoopCounter
                0x20000468        0x4 obj/main.o
                0x20000468                ulRegTest2LoopCounter
 .bss.ulFPUInterruptNesting
                0x2000046c        0x4 obj/main.o
                0x2000046c                ulFPUInterruptNesting
 .bss.ulMaxFPUInterruptNesting
                0x20000470        0x4 obj/main.o
                0x20000470                ulMaxFPUInterruptNesting
 .bss.xTestSemaphore
                0x20000474        0x4 obj/main.o
 .bss.ulButtonPressCounts
                0x20000478        0x4 obj/main.o
                0x20000478                ulButtonPressCounts
 .bss.ulLastRegTest1Value.7813
                0x2000047c        0x4 obj/main.o
 .bss.ulLastRegTest2Value.7814
                0x20000480        0x4 obj/main.o
 .bss.lChangedTimerPeriodAlready.7812
                0x20000484        0x4 obj/main.o
 .bss.pxCurrentTCB
                0x20000488        0x4 obj/lib/FreeRTOSV8.1.2/FreeRTOS/Source/tasks.o
                0x20000488                pxCurrentTCB
 .bss.pxReadyTasksLists
                0x2000048c       0x64 obj/lib/FreeRTOSV8.1.2/FreeRTOS/Source/tasks.o
 .bss.xDelayedTaskList1
                0x200004f0       0x14 obj/lib/FreeRTOSV8.1.2/FreeRTOS/Source/tasks.o
 .bss.xDelayedTaskList2
                0x20000504       0x14 obj/lib/FreeRTOSV8.1.2/FreeRTOS/Source/tasks.o
 .bss.pxDelayedTaskList
                0x20000518        0x4 obj/lib/FreeRTOSV8.1.2/FreeRTOS/Source/tasks.o
 .bss.pxOverflowDelayedTaskList
                0x2000051c        0x4 obj/lib/FreeRTOSV8.1.2/FreeRTOS/Source/tasks.o
 .bss.xPendingReadyList
                0x20000520       0x14 obj/lib/FreeRTOSV8.1.2/FreeRTOS/Source/tasks.o
 .bss.xTasksWaitingTermination
                0x20000534       0x14 obj/lib/FreeRTOSV8.1.2/FreeRTOS/Source/tasks.o
 .bss.uxTasksDeleted
                0x20000548        0x4 obj/lib/FreeRTOSV8.1.2/FreeRTOS/Source/tasks.o
 .bss.xSuspendedTaskList
                0x2000054c       0x14 obj/lib/FreeRTOSV8.1.2/FreeRTOS/Source/tasks.o
 .bss.uxCurrentNumberOfTasks
                0x20000560        0x4 obj/lib/FreeRTOSV8.1.2/FreeRTOS/Source/tasks.o
 .bss.xTickCount
                0x20000564        0x4 obj/lib/FreeRTOSV8.1.2/FreeRTOS/Source/tasks.o
 .bss.uxTopReadyPriority
                0x20000568        0x4 obj/lib/FreeRTOSV8.1.2/FreeRTOS/Source/tasks.o
 .bss.xSchedulerRunning
                0x2000056c        0x4 obj/lib/FreeRTOSV8.1.2/FreeRTOS/Source/tasks.o
 .bss.uxPendedTicks
                0x20000570        0x4 obj/lib/FreeRTOSV8.1.2/FreeRTOS/Source/tasks.o
 .bss.xYieldPending
                0x20000574        0x4 obj/lib/FreeRTOSV8.1.2/FreeRTOS/Source/tasks.o
 .bss.xNumOfOverflows
                0x20000578        0x4 obj/lib/FreeRTOSV8.1.2/FreeRTOS/Source/tasks.o
 .bss.uxTaskNumber
                0x2000057c        0x4 obj/lib/FreeRTOSV8.1.2/FreeRTOS/Source/tasks.o
 .bss.uxSchedulerSuspended
                0x20000580        0x4 obj/lib/FreeRTOSV8.1.2/FreeRTOS/Source/tasks.o
 .bss.ucMaxSysCallPriority
                0x20000584        0x1 obj/lib/FreeRTOSV8.1.2/FreeRTOS/Source/portable/GCC/ARM_CM4F/port.o
 *fill*         0x20000585        0x3 
 .bss.ulMaxPRIGROUPValue
                0x20000588        0x4 obj/lib/FreeRTOSV8.1.2/FreeRTOS/Source/portable/GCC/ARM_CM4F/port.o
 .bss.xActiveTimerList1
                0x2000058c       0x14 obj/lib/FreeRTOSV8.1.2/FreeRTOS/Source/timers.o
 .bss.xActiveTimerList2
                0x200005a0       0x14 obj/lib/FreeRTOSV8.1.2/FreeRTOS/Source/timers.o
 .bss.pxCurrentTimerList
                0x200005b4        0x4 obj/lib/FreeRTOSV8.1.2/FreeRTOS/Source/timers.o
 .bss.pxOverflowTimerList
                0x200005b8        0x4 obj/lib/FreeRTOSV8.1.2/FreeRTOS/Source/timers.o
 .bss.xTimerQueue
                0x200005bc        0x4 obj/lib/FreeRTOSV8.1.2/FreeRTOS/Source/timers.o
 .bss.xLastTime.5150
                0x200005c0        0x4 obj/lib/FreeRTOSV8.1.2/FreeRTOS/Source/timers.o
 .bss.ucHeap    0x200005c4    0x12c00 obj/lib/FreeRTOSV8.1.2/FreeRTOS/Source/portable/MemMang/heap_1.o
 .bss.xNextFreeByte
                0x200131c4        0x4 obj/lib/FreeRTOSV8.1.2/FreeRTOS/Source/portable/MemMang/heap_1.o
 .bss.pucAlignedHeap.4901
                0x200131c8        0x4 obj/lib/FreeRTOSV8.1.2/FreeRTOS/Source/portable/MemMang/heap_1.o
 .bss.sBlockingConsumerCount
                0x200131cc        0x8 obj/lib/FreeRTOSV8.1.2/FreeRTOS/Demo/Common/Minimal/BlockQ.o
 .bss.sBlockingProducerCount
                0x200131d4        0x8 obj/lib/FreeRTOSV8.1.2/FreeRTOS/Demo/Common/Minimal/BlockQ.o
 .bss.sLastBlockingConsumerCount.5051
                0x200131dc        0x8 obj/lib/FreeRTOSV8.1.2/FreeRTOS/Demo/Common/Minimal/BlockQ.o
 .bss.sLastBlockingProducerCount.5052
                0x200131e4        0x8 obj/lib/FreeRTOSV8.1.2/FreeRTOS/Demo/Common/Minimal/BlockQ.o
 .bss.xTestQueue
                0x200131ec        0x4 obj/lib/FreeRTOSV8.1.2/FreeRTOS/Demo/Common/Minimal/blocktim.o
 .bss.xSecondary
                0x200131f0        0x4 obj/lib/FreeRTOSV8.1.2/FreeRTOS/Demo/Common/Minimal/blocktim.o
 .bss.xPrimaryCycles
                0x200131f4        0x4 obj/lib/FreeRTOSV8.1.2/FreeRTOS/Demo/Common/Minimal/blocktim.o
 .bss.xSecondaryCycles
                0x200131f8        0x4 obj/lib/FreeRTOSV8.1.2/FreeRTOS/Demo/Common/Minimal/blocktim.o
 .bss.xErrorOccurred
                0x200131fc        0x4 obj/lib/FreeRTOSV8.1.2/FreeRTOS/Demo/Common/Minimal/blocktim.o
 .bss.xRunIndicator
                0x20013200        0x4 obj/lib/FreeRTOSV8.1.2/FreeRTOS/Demo/Common/Minimal/blocktim.o
 .bss.xLastPrimaryCycleCount.4513
                0x20013204        0x4 obj/lib/FreeRTOSV8.1.2/FreeRTOS/Demo/Common/Minimal/blocktim.o
 .bss.xLastSecondaryCycleCount.4514
                0x20013208        0x4 obj/lib/FreeRTOSV8.1.2/FreeRTOS/Demo/Common/Minimal/blocktim.o
 .bss.xErrorDetected
                0x2001320c        0x4 obj/lib/FreeRTOSV8.1.2/FreeRTOS/Demo/Common/Minimal/countsem.o
 .bss.xParameters
                0x20013210       0x18 obj/lib/FreeRTOSV8.1.2/FreeRTOS/Demo/Common/Minimal/countsem.o
 .bss.usCreationCount
                0x20013228        0x2 obj/lib/FreeRTOSV8.1.2/FreeRTOS/Demo/Common/Minimal/death.o
 *fill*         0x2001322a        0x2 
 .bss.uxTasksRunningAtStart
                0x2001322c        0x4 obj/lib/FreeRTOSV8.1.2/FreeRTOS/Demo/Common/Minimal/death.o
 .bss.uxTasksRunningNow.4930
                0x20013230        0x4 obj/lib/FreeRTOSV8.1.2/FreeRTOS/Demo/Common/Minimal/death.o
 .bss.xContinuousIncrementHandle
                0x20013234        0x4 obj/lib/FreeRTOSV8.1.2/FreeRTOS/Demo/Common/Minimal/dynamic.o
 .bss.xLimitedIncrementHandle
                0x20013238        0x4 obj/lib/FreeRTOSV8.1.2/FreeRTOS/Demo/Common/Minimal/dynamic.o
 .bss.ulCounter
                0x2001323c        0x4 obj/lib/FreeRTOSV8.1.2/FreeRTOS/Demo/Common/Minimal/dynamic.o
 .bss.usCheckVariable
                0x20013240        0x2 obj/lib/FreeRTOSV8.1.2/FreeRTOS/Demo/Common/Minimal/dynamic.o
 *fill*         0x20013242        0x2 
 .bss.xSuspendedQueueSendError
                0x20013244        0x4 obj/lib/FreeRTOSV8.1.2/FreeRTOS/Demo/Common/Minimal/dynamic.o
 .bss.xSuspendedQueueReceiveError
                0x20013248        0x4 obj/lib/FreeRTOSV8.1.2/FreeRTOS/Demo/Common/Minimal/dynamic.o
 .bss.ulExpectedValue
                0x2001324c        0x4 obj/lib/FreeRTOSV8.1.2/FreeRTOS/Demo/Common/Minimal/dynamic.o
 .bss.ulValueToSend.5057
                0x20013250        0x4 obj/lib/FreeRTOSV8.1.2/FreeRTOS/Demo/Common/Minimal/dynamic.o
 .bss.usLastTaskCheck.5070
                0x20013254        0x2 obj/lib/FreeRTOSV8.1.2/FreeRTOS/Demo/Common/Minimal/dynamic.o
 *fill*         0x20013256        0x2 
 .bss.ulLastExpectedValue.5071
                0x20013258        0x4 obj/lib/FreeRTOSV8.1.2/FreeRTOS/Demo/Common/Minimal/dynamic.o
 .bss.uxFlashTaskNumber
                0x2001325c        0x4 obj/lib/FreeRTOSV8.1.2/FreeRTOS/Demo/Common/Minimal/flash.o
 .bss.usTaskCheck
                0x20013260        0x8 obj/lib/FreeRTOSV8.1.2/FreeRTOS/Demo/Common/Minimal/flop.o
 .bss.xErrorDetected
                0x20013268        0x4 obj/lib/FreeRTOSV8.1.2/FreeRTOS/Demo/Common/Minimal/GenQTest.o
 .bss.ulLoopCounter
                0x2001326c        0x4 obj/lib/FreeRTOSV8.1.2/FreeRTOS/Demo/Common/Minimal/GenQTest.o
 .bss.ulLoopCounter2
                0x20013270        0x4 obj/lib/FreeRTOSV8.1.2/FreeRTOS/Demo/Common/Minimal/GenQTest.o
 .bss.ulGuardedVariable
                0x20013274        0x4 obj/lib/FreeRTOSV8.1.2/FreeRTOS/Demo/Common/Minimal/GenQTest.o
 .bss.xHighPriorityMutexTask
                0x20013278        0x4 obj/lib/FreeRTOSV8.1.2/FreeRTOS/Demo/Common/Minimal/GenQTest.o
 .bss.xMediumPriorityMutexTask
                0x2001327c        0x4 obj/lib/FreeRTOSV8.1.2/FreeRTOS/Demo/Common/Minimal/GenQTest.o
 .bss.xISRMutex
                0x20013280        0x4 obj/lib/FreeRTOSV8.1.2/FreeRTOS/Demo/Common/Minimal/GenQTest.o
 .bss.ulLastLoopCounter.5099
                0x20013284        0x4 obj/lib/FreeRTOSV8.1.2/FreeRTOS/Demo/Common/Minimal/GenQTest.o
 .bss.ulLastLoopCounter2.5100
                0x20013288        0x4 obj/lib/FreeRTOSV8.1.2/FreeRTOS/Demo/Common/Minimal/GenQTest.o
 .bss.xTaskCheck
                0x2001328c        0x4 obj/lib/FreeRTOSV8.1.2/FreeRTOS/Demo/Common/Minimal/integer.o
 .bss.xPollingConsumerCount
                0x20013290        0x4 obj/lib/FreeRTOSV8.1.2/FreeRTOS/Demo/Common/Minimal/PollQ.o
 .bss.xPollingProducerCount
                0x20013294        0x4 obj/lib/FreeRTOSV8.1.2/FreeRTOS/Demo/Common/Minimal/PollQ.o
 .bss.xPolledQueue.5018
                0x20013298        0x4 obj/lib/FreeRTOSV8.1.2/FreeRTOS/Demo/Common/Minimal/PollQ.o
 .bss.xMutex    0x2001329c        0x4 obj/lib/FreeRTOSV8.1.2/FreeRTOS/Demo/Common/Minimal/recmutex.o
 .bss.xErrorOccurred
                0x200132a0        0x4 obj/lib/FreeRTOSV8.1.2/FreeRTOS/Demo/Common/Minimal/recmutex.o
 .bss.xControllingIsSuspended
                0x200132a4        0x4 obj/lib/FreeRTOSV8.1.2/FreeRTOS/Demo/Common/Minimal/recmutex.o
 .bss.xBlockingIsSuspended
                0x200132a8        0x4 obj/lib/FreeRTOSV8.1.2/FreeRTOS/Demo/Common/Minimal/recmutex.o
 .bss.uxControllingCycles
                0x200132ac        0x4 obj/lib/FreeRTOSV8.1.2/FreeRTOS/Demo/Common/Minimal/recmutex.o
 .bss.uxBlockingCycles
                0x200132b0        0x4 obj/lib/FreeRTOSV8.1.2/FreeRTOS/Demo/Common/Minimal/recmutex.o
 .bss.uxPollingCycles
                0x200132b4        0x4 obj/lib/FreeRTOSV8.1.2/FreeRTOS/Demo/Common/Minimal/recmutex.o
 .bss.xControllingTaskHandle
                0x200132b8        0x4 obj/lib/FreeRTOSV8.1.2/FreeRTOS/Demo/Common/Minimal/recmutex.o
 .bss.xBlockingTaskHandle
                0x200132bc        0x4 obj/lib/FreeRTOSV8.1.2/FreeRTOS/Demo/Common/Minimal/recmutex.o
 .bss.uxLastControllingCycles.4495
                0x200132c0        0x4 obj/lib/FreeRTOSV8.1.2/FreeRTOS/Demo/Common/Minimal/recmutex.o
 .bss.uxLastBlockingCycles.4496
                0x200132c4        0x4 obj/lib/FreeRTOSV8.1.2/FreeRTOS/Demo/Common/Minimal/recmutex.o
 .bss.uxLastPollingCycles.4497
                0x200132c8        0x4 obj/lib/FreeRTOSV8.1.2/FreeRTOS/Demo/Common/Minimal/recmutex.o
 .bss.sCheckVariables
                0x200132cc        0x8 obj/lib/FreeRTOSV8.1.2/FreeRTOS/Demo/Common/Minimal/semtest.o
 .bss.sNextCheckVariable
                0x200132d4        0x2 obj/lib/FreeRTOSV8.1.2/FreeRTOS/Demo/Common/Minimal/semtest.o
 *fill*         0x200132d6        0x2 
 .bss.sLastCheckVariables.5041
                0x200132d8        0x8 obj/lib/FreeRTOSV8.1.2/FreeRTOS/Demo/Common/Minimal/semtest.o
 *(COMMON)
 COMMON         0x200132e0       0x40 obj/lib/FreeRTOSV8.1.2/FreeRTOS/Source/queue.o
                0x200132e0                xQueueRegistry
 COMMON         0x20013320        0x4 obj/lib/FreeRTOSV8.1.2/FreeRTOS/Demo/Common/Minimal/death.o
                0x20013320                xCreatedTask
 COMMON         0x20013324        0x4 obj/lib/FreeRTOSV8.1.2/FreeRTOS/Demo/Common/Minimal/dynamic.o
                0x20013324                xSuspendedTestQueue
                0x20013328                . = ALIGN (0x4)
                0x20013328                _ebss = .
                0x20013328                __bss_end__ = _ebss

._user_heap_stack
                0x20013328      0x400 load address 0x0801aa2c
                0x20013328                . = ALIGN (0x4)
                0x20013328                PROVIDE (end, .)
                0x20013328                PROVIDE (_end, .)
                0x20013328                . = (. + _Min_Heap_Size)
                0x20013728                . = (. + _Min_Stack_Size)
 *fill*         0x20013328      0x400 
                0x20013728                . = ALIGN (0x4)

.memory_b1_text
 *(.mb1text)
 *(.mb1text*)
 *(.mb1rodata)
 *(.mb1rodata*)

/DISCARD/
 libc.a(*)
 libm.a(*)
 libgcc.a(*)

.ARM.attributes
                0x00000000       0x2e
 *(.ARM.attributes)
 .ARM.attributes
                0x00000000       0x22 /usr/lib/gcc/arm-none-eabi/4.8.2/armv7e-m/softfp/crti.o
 .ARM.attributes
                0x00000022       0x32 /usr/lib/gcc/arm-none-eabi/4.8.2/armv7e-m/softfp/crtbegin.o
 .ARM.attributes
                0x00000054       0x37 obj/main.o
 .ARM.attributes
                0x0000008b       0x37 obj/lib/ParTest.o
 .ARM.attributes
                0x000000c2       0x21 obj/lib/startup/startup_stm32f4xx.o
 .ARM.attributes
                0x000000e3       0x37 obj/lib/startup/system_stm32f4xx.o
 .ARM.attributes
                0x0000011a       0x37 obj/lib/FreeRTOSV8.1.2/FreeRTOS/Source/tasks.o
 .ARM.attributes
                0x00000151       0x37 obj/lib/FreeRTOSV8.1.2/FreeRTOS/Source/queue.o
 .ARM.attributes
                0x00000188       0x37 obj/lib/FreeRTOSV8.1.2/FreeRTOS/Source/list.o
 .ARM.attributes
                0x000001bf       0x37 obj/lib/FreeRTOSV8.1.2/FreeRTOS/Source/portable/GCC/ARM_CM4F/port.o
 .ARM.attributes
                0x000001f6       0x37 obj/lib/FreeRTOSV8.1.2/FreeRTOS/Source/timers.o
 .ARM.attributes
                0x0000022d       0x37 obj/lib/FreeRTOSV8.1.2/FreeRTOS/Source/portable/MemMang/heap_1.o
 .ARM.attributes
                0x00000264       0x37 obj/lib/FreeRTOSV8.1.2/FreeRTOS/Demo/Common/Minimal/BlockQ.o
 .ARM.attributes
                0x0000029b       0x37 obj/lib/FreeRTOSV8.1.2/FreeRTOS/Demo/Common/Minimal/blocktim.o
 .ARM.attributes
                0x000002d2       0x37 obj/lib/FreeRTOSV8.1.2/FreeRTOS/Demo/Common/Minimal/countsem.o
 .ARM.attributes
                0x00000309       0x37 obj/lib/FreeRTOSV8.1.2/FreeRTOS/Demo/Common/Minimal/death.o
 .ARM.attributes
                0x00000340       0x37 obj/lib/FreeRTOSV8.1.2/FreeRTOS/Demo/Common/Minimal/dynamic.o
 .ARM.attributes
                0x00000377       0x37 obj/lib/FreeRTOSV8.1.2/FreeRTOS/Demo/Common/Minimal/flash.o
 .ARM.attributes
                0x000003ae       0x37 obj/lib/FreeRTOSV8.1.2/FreeRTOS/Demo/Common/Minimal/flop.o
 .ARM.attributes
                0x000003e5       0x37 obj/lib/FreeRTOSV8.1.2/FreeRTOS/Demo/Common/Minimal/GenQTest.o
 .ARM.attributes
                0x0000041c       0x37 obj/lib/FreeRTOSV8.1.2/FreeRTOS/Demo/Common/Minimal/integer.o
 .ARM.attributes
                0x00000453       0x37 obj/lib/FreeRTOSV8.1.2/FreeRTOS/Demo/Common/Minimal/PollQ.o
 .ARM.attributes
                0x0000048a       0x37 obj/lib/FreeRTOSV8.1.2/FreeRTOS/Demo/Common/Minimal/recmutex.o
 .ARM.attributes
                0x000004c1       0x37 obj/lib/FreeRTOSV8.1.2/FreeRTOS/Demo/Common/Minimal/semtest.o
 .ARM.attributes
                0x000004f8       0x37 obj/lib/board/stm32f4_discovery.o
 .ARM.attributes
                0x0000052f       0x37 obj/lib/chip/STM32F4xx_StdPeriph_Driver/src/misc.o
 .ARM.attributes
                0x00000566       0x37 obj/lib/chip/STM32F4xx_StdPeriph_Driver/src/stm32f4xx_exti.o
 .ARM.attributes
                0x0000059d       0x37 obj/lib/chip/STM32F4xx_StdPeriph_Driver/src/stm32f4xx_gpio.o
 .ARM.attributes
                0x000005d4       0x37 obj/lib/chip/STM32F4xx_StdPeriph_Driver/src/stm32f4xx_rcc.o
 .ARM.attributes
                0x0000060b       0x22 /usr/lib/gcc/arm-none-eabi/4.8.2/armv7e-m/softfp/libgcc.a(_arm_addsubdf3.o)
 .ARM.attributes
                0x0000062d       0x22 /usr/lib/gcc/arm-none-eabi/4.8.2/armv7e-m/softfp/libgcc.a(_arm_muldivdf3.o)
 .ARM.attributes
                0x0000064f       0x22 /usr/lib/gcc/arm-none-eabi/4.8.2/armv7e-m/softfp/libgcc.a(_arm_cmpdf2.o)
 .ARM.attributes
                0x00000671       0x32 /usr/lib/gcc/arm-none-eabi/4.8.2/../../../arm-none-eabi/lib/armv7e-m/softfp/libc.a(lib_a-atexit.o)
 .ARM.attributes
                0x000006a3       0x32 /usr/lib/gcc/arm-none-eabi/4.8.2/../../../arm-none-eabi/lib/armv7e-m/softfp/libc.a(lib_a-fini.o)
 .ARM.attributes
                0x000006d5       0x32 /usr/lib/gcc/arm-none-eabi/4.8.2/../../../arm-none-eabi/lib/armv7e-m/softfp/libc.a(lib_a-impure.o)
 .ARM.attributes
                0x00000707       0x32 /usr/lib/gcc/arm-none-eabi/4.8.2/../../../arm-none-eabi/lib/armv7e-m/softfp/libc.a(lib_a-init.o)
 .ARM.attributes
                0x00000739       0x32 /usr/lib/gcc/arm-none-eabi/4.8.2/../../../arm-none-eabi/lib/armv7e-m/softfp/libc.a(lib_a-memcmp.o)
 .ARM.attributes
                0x0000076b       0x20 /usr/lib/gcc/arm-none-eabi/4.8.2/../../../arm-none-eabi/lib/armv7e-m/softfp/libc.a(lib_a-memcpy.o)
 .ARM.attributes
                0x0000078b       0x32 /usr/lib/gcc/arm-none-eabi/4.8.2/../../../arm-none-eabi/lib/armv7e-m/softfp/libc.a(lib_a-memset.o)
 .ARM.attributes
                0x000007bd       0x32 /usr/lib/gcc/arm-none-eabi/4.8.2/../../../arm-none-eabi/lib/armv7e-m/softfp/libc.a(lib_a-__atexit.o)
 .ARM.attributes
                0x000007ef       0x32 /usr/lib/gcc/arm-none-eabi/4.8.2/../../../arm-none-eabi/lib/armv7e-m/softfp/libc.a(lib_a-__call_atexit.o)
 .ARM.attributes
                0x00000821       0x32 /usr/lib/gcc/arm-none-eabi/4.8.2/armv7e-m/softfp/crtend.o
 .ARM.attributes
                0x00000853       0x22 /usr/lib/gcc/arm-none-eabi/4.8.2/armv7e-m/softfp/crtn.o
OUTPUT(obj/STM32F4_Test.elf elf32-littlearm)

.comment        0x00000000       0x1f
 .comment       0x00000000       0x1f /usr/lib/gcc/arm-none-eabi/4.8.2/armv7e-m/softfp/crtbegin.o
                                 0x20 (size before relaxing)
 .comment       0x00000000       0x20 obj/main.o
 .comment       0x00000000       0x20 obj/lib/ParTest.o
 .comment       0x00000000       0x20 obj/lib/startup/system_stm32f4xx.o
 .comment       0x00000000       0x20 obj/lib/FreeRTOSV8.1.2/FreeRTOS/Source/tasks.o
 .comment       0x00000000       0x20 obj/lib/FreeRTOSV8.1.2/FreeRTOS/Source/queue.o
 .comment       0x00000000       0x20 obj/lib/FreeRTOSV8.1.2/FreeRTOS/Source/list.o
 .comment       0x00000000       0x20 obj/lib/FreeRTOSV8.1.2/FreeRTOS/Source/portable/GCC/ARM_CM4F/port.o
 .comment       0x00000000       0x20 obj/lib/FreeRTOSV8.1.2/FreeRTOS/Source/timers.o
 .comment       0x00000000       0x20 obj/lib/FreeRTOSV8.1.2/FreeRTOS/Source/portable/MemMang/heap_1.o
 .comment       0x00000000       0x20 obj/lib/FreeRTOSV8.1.2/FreeRTOS/Demo/Common/Minimal/BlockQ.o
 .comment       0x00000000       0x20 obj/lib/FreeRTOSV8.1.2/FreeRTOS/Demo/Common/Minimal/blocktim.o
 .comment       0x00000000       0x20 obj/lib/FreeRTOSV8.1.2/FreeRTOS/Demo/Common/Minimal/countsem.o
 .comment       0x00000000       0x20 obj/lib/FreeRTOSV8.1.2/FreeRTOS/Demo/Common/Minimal/death.o
 .comment       0x00000000       0x20 obj/lib/FreeRTOSV8.1.2/FreeRTOS/Demo/Common/Minimal/dynamic.o
 .comment       0x00000000       0x20 obj/lib/FreeRTOSV8.1.2/FreeRTOS/Demo/Common/Minimal/flash.o
 .comment       0x00000000       0x20 obj/lib/FreeRTOSV8.1.2/FreeRTOS/Demo/Common/Minimal/flop.o
 .comment       0x00000000       0x20 obj/lib/FreeRTOSV8.1.2/FreeRTOS/Demo/Common/Minimal/GenQTest.o
 .comment       0x00000000       0x20 obj/lib/FreeRTOSV8.1.2/FreeRTOS/Demo/Common/Minimal/integer.o
 .comment       0x00000000       0x20 obj/lib/FreeRTOSV8.1.2/FreeRTOS/Demo/Common/Minimal/PollQ.o
 .comment       0x00000000       0x20 obj/lib/FreeRTOSV8.1.2/FreeRTOS/Demo/Common/Minimal/recmutex.o
 .comment       0x00000000       0x20 obj/lib/FreeRTOSV8.1.2/FreeRTOS/Demo/Common/Minimal/semtest.o
 .comment       0x00000000       0x20 obj/lib/board/stm32f4_discovery.o
 .comment       0x00000000       0x20 obj/lib/chip/STM32F4xx_StdPeriph_Driver/src/misc.o
 .comment       0x00000000       0x20 obj/lib/chip/STM32F4xx_StdPeriph_Driver/src/stm32f4xx_exti.o
 .comment       0x00000000       0x20 obj/lib/chip/STM32F4xx_StdPeriph_Driver/src/stm32f4xx_gpio.o
 .comment       0x00000000       0x20 obj/lib/chip/STM32F4xx_StdPeriph_Driver/src/stm32f4xx_rcc.o
 .comment       0x00000000       0x20 /usr/lib/gcc/arm-none-eabi/4.8.2/../../../arm-none-eabi/lib/armv7e-m/softfp/libc.a(lib_a-atexit.o)
 .comment       0x00000000       0x20 /usr/lib/gcc/arm-none-eabi/4.8.2/../../../arm-none-eabi/lib/armv7e-m/softfp/libc.a(lib_a-fini.o)
 .comment       0x00000000       0x20 /usr/lib/gcc/arm-none-eabi/4.8.2/../../../arm-none-eabi/lib/armv7e-m/softfp/libc.a(lib_a-impure.o)
 .comment       0x00000000       0x20 /usr/lib/gcc/arm-none-eabi/4.8.2/../../../arm-none-eabi/lib/armv7e-m/softfp/libc.a(lib_a-init.o)
 .comment       0x00000000       0x20 /usr/lib/gcc/arm-none-eabi/4.8.2/../../../arm-none-eabi/lib/armv7e-m/softfp/libc.a(lib_a-memcmp.o)
 .comment       0x00000000       0x20 /usr/lib/gcc/arm-none-eabi/4.8.2/../../../arm-none-eabi/lib/armv7e-m/softfp/libc.a(lib_a-memset.o)
 .comment       0x00000000       0x20 /usr/lib/gcc/arm-none-eabi/4.8.2/../../../arm-none-eabi/lib/armv7e-m/softfp/libc.a(lib_a-__atexit.o)
 .comment       0x00000000       0x20 /usr/lib/gcc/arm-none-eabi/4.8.2/../../../arm-none-eabi/lib/armv7e-m/softfp/libc.a(lib_a-__call_atexit.o)
 .comment       0x00000000       0x20 /usr/lib/gcc/arm-none-eabi/4.8.2/armv7e-m/softfp/crtend.o

.debug_info     0x00000000     0xaa18
 .debug_info    0x00000000      0x812 obj/main.o
 .debug_info    0x00000812      0x17a obj/lib/ParTest.o
 .debug_info    0x0000098c      0x625 obj/lib/startup/system_stm32f4xx.o
 .debug_info    0x00000fb1     0x13c1 obj/lib/FreeRTOSV8.1.2/FreeRTOS/Source/tasks.o
 .debug_info    0x00002372      0xc91 obj/lib/FreeRTOSV8.1.2/FreeRTOS/Source/queue.o
 .debug_info    0x00003003      0x2d0 obj/lib/FreeRTOSV8.1.2/FreeRTOS/Source/list.o
 .debug_info    0x000032d3      0x383 obj/lib/FreeRTOSV8.1.2/FreeRTOS/Source/portable/GCC/ARM_CM4F/port.o
 .debug_info    0x00003656      0x864 obj/lib/FreeRTOSV8.1.2/FreeRTOS/Source/timers.o
 .debug_info    0x00003eba      0x1aa obj/lib/FreeRTOSV8.1.2/FreeRTOS/Source/portable/MemMang/heap_1.o
 .debug_info    0x00004064      0x350 obj/lib/FreeRTOSV8.1.2/FreeRTOS/Demo/Common/Minimal/BlockQ.o
 .debug_info    0x000043b4      0x281 obj/lib/FreeRTOSV8.1.2/FreeRTOS/Demo/Common/Minimal/blocktim.o
 .debug_info    0x00004635      0x27c obj/lib/FreeRTOSV8.1.2/FreeRTOS/Demo/Common/Minimal/countsem.o
 .debug_info    0x000048b1      0x264 obj/lib/FreeRTOSV8.1.2/FreeRTOS/Demo/Common/Minimal/death.o
 .debug_info    0x00004b15      0x35b obj/lib/FreeRTOSV8.1.2/FreeRTOS/Demo/Common/Minimal/dynamic.o
 .debug_info    0x00004e70      0x161 obj/lib/FreeRTOSV8.1.2/FreeRTOS/Demo/Common/Minimal/flash.o
 .debug_info    0x00004fd1      0x3c0 obj/lib/FreeRTOSV8.1.2/FreeRTOS/Demo/Common/Minimal/flop.o
 .debug_info    0x00005391      0x3f2 obj/lib/FreeRTOSV8.1.2/FreeRTOS/Demo/Common/Minimal/GenQTest.o
 .debug_info    0x00005783      0x19b obj/lib/FreeRTOSV8.1.2/FreeRTOS/Demo/Common/Minimal/integer.o
 .debug_info    0x0000591e      0x22b obj/lib/FreeRTOSV8.1.2/FreeRTOS/Demo/Common/Minimal/PollQ.o
 .debug_info    0x00005b49      0x293 obj/lib/FreeRTOSV8.1.2/FreeRTOS/Demo/Common/Minimal/recmutex.o
 .debug_info    0x00005ddc      0x2a1 obj/lib/FreeRTOSV8.1.2/FreeRTOS/Demo/Common/Minimal/semtest.o
 .debug_info    0x0000607d      0x8ea obj/lib/board/stm32f4_discovery.o
 .debug_info    0x00006967      0x5b7 obj/lib/chip/STM32F4xx_StdPeriph_Driver/src/misc.o
 .debug_info    0x00006f1e      0x3b9 obj/lib/chip/STM32F4xx_StdPeriph_Driver/src/stm32f4xx_exti.o
 .debug_info    0x000072d7      0x670 obj/lib/chip/STM32F4xx_StdPeriph_Driver/src/stm32f4xx_gpio.o
 .debug_info    0x00007947      0xd79 obj/lib/chip/STM32F4xx_StdPeriph_Driver/src/stm32f4xx_rcc.o
 .debug_info    0x000086c0       0xab /usr/lib/gcc/arm-none-eabi/4.8.2/armv7e-m/softfp/libgcc.a(_arm_addsubdf3.o)
 .debug_info    0x0000876b       0xab /usr/lib/gcc/arm-none-eabi/4.8.2/armv7e-m/softfp/libgcc.a(_arm_muldivdf3.o)
 .debug_info    0x00008816       0xab /usr/lib/gcc/arm-none-eabi/4.8.2/armv7e-m/softfp/libgcc.a(_arm_cmpdf2.o)
 .debug_info    0x000088c1      0x10a /usr/lib/gcc/arm-none-eabi/4.8.2/../../../arm-none-eabi/lib/armv7e-m/softfp/libc.a(lib_a-atexit.o)
 .debug_info    0x000089cb       0xef /usr/lib/gcc/arm-none-eabi/4.8.2/../../../arm-none-eabi/lib/armv7e-m/softfp/libc.a(lib_a-fini.o)
 .debug_info    0x00008aba      0x894 /usr/lib/gcc/arm-none-eabi/4.8.2/../../../arm-none-eabi/lib/armv7e-m/softfp/libc.a(lib_a-impure.o)
 .debug_info    0x0000934e      0x105 /usr/lib/gcc/arm-none-eabi/4.8.2/../../../arm-none-eabi/lib/armv7e-m/softfp/libc.a(lib_a-init.o)
 .debug_info    0x00009453      0x113 /usr/lib/gcc/arm-none-eabi/4.8.2/../../../arm-none-eabi/lib/armv7e-m/softfp/libc.a(lib_a-memcmp.o)
 .debug_info    0x00009566       0xbd /usr/lib/gcc/arm-none-eabi/4.8.2/../../../arm-none-eabi/lib/armv7e-m/softfp/libc.a(lib_a-memcpy.o)
 .debug_info    0x00009623      0x117 /usr/lib/gcc/arm-none-eabi/4.8.2/../../../arm-none-eabi/lib/armv7e-m/softfp/libc.a(lib_a-memset.o)
 .debug_info    0x0000973a      0x934 /usr/lib/gcc/arm-none-eabi/4.8.2/../../../arm-none-eabi/lib/armv7e-m/softfp/libc.a(lib_a-__atexit.o)
 .debug_info    0x0000a06e      0x9aa /usr/lib/gcc/arm-none-eabi/4.8.2/../../../arm-none-eabi/lib/armv7e-m/softfp/libc.a(lib_a-__call_atexit.o)

.debug_abbrev   0x00000000     0x2a17
 .debug_abbrev  0x00000000      0x202 obj/main.o
 .debug_abbrev  0x00000202       0xd0 obj/lib/ParTest.o
 .debug_abbrev  0x000002d2      0x13a obj/lib/startup/system_stm32f4xx.o
 .debug_abbrev  0x0000040c      0x289 obj/lib/FreeRTOSV8.1.2/FreeRTOS/Source/tasks.o
 .debug_abbrev  0x00000695      0x1bc obj/lib/FreeRTOSV8.1.2/FreeRTOS/Source/queue.o
 .debug_abbrev  0x00000851       0xc0 obj/lib/FreeRTOSV8.1.2/FreeRTOS/Source/list.o
 .debug_abbrev  0x00000911      0x1b7 obj/lib/FreeRTOSV8.1.2/FreeRTOS/Source/portable/GCC/ARM_CM4F/port.o
 .debug_abbrev  0x00000ac8      0x18a obj/lib/FreeRTOSV8.1.2/FreeRTOS/Source/timers.o
 .debug_abbrev  0x00000c52      0x10a obj/lib/FreeRTOSV8.1.2/FreeRTOS/Source/portable/MemMang/heap_1.o
 .debug_abbrev  0x00000d5c      0x102 obj/lib/FreeRTOSV8.1.2/FreeRTOS/Demo/Common/Minimal/BlockQ.o
 .debug_abbrev  0x00000e5e       0xe7 obj/lib/FreeRTOSV8.1.2/FreeRTOS/Demo/Common/Minimal/blocktim.o
 .debug_abbrev  0x00000f45      0x108 obj/lib/FreeRTOSV8.1.2/FreeRTOS/Demo/Common/Minimal/countsem.o
 .debug_abbrev  0x0000104d       0xe3 obj/lib/FreeRTOSV8.1.2/FreeRTOS/Demo/Common/Minimal/death.o
 .debug_abbrev  0x00001130      0x101 obj/lib/FreeRTOSV8.1.2/FreeRTOS/Demo/Common/Minimal/dynamic.o
 .debug_abbrev  0x00001231       0x97 obj/lib/FreeRTOSV8.1.2/FreeRTOS/Demo/Common/Minimal/flash.o
 .debug_abbrev  0x000012c8      0x11a obj/lib/FreeRTOSV8.1.2/FreeRTOS/Demo/Common/Minimal/flop.o
 .debug_abbrev  0x000013e2      0x10a obj/lib/FreeRTOSV8.1.2/FreeRTOS/Demo/Common/Minimal/GenQTest.o
 .debug_abbrev  0x000014ec       0xce obj/lib/FreeRTOSV8.1.2/FreeRTOS/Demo/Common/Minimal/integer.o
 .debug_abbrev  0x000015ba       0xb3 obj/lib/FreeRTOSV8.1.2/FreeRTOS/Demo/Common/Minimal/PollQ.o
 .debug_abbrev  0x0000166d       0xf6 obj/lib/FreeRTOSV8.1.2/FreeRTOS/Demo/Common/Minimal/recmutex.o
 .debug_abbrev  0x00001763      0x102 obj/lib/FreeRTOSV8.1.2/FreeRTOS/Demo/Common/Minimal/semtest.o
 .debug_abbrev  0x00001865      0x187 obj/lib/board/stm32f4_discovery.o
 .debug_abbrev  0x000019ec      0x12b obj/lib/chip/STM32F4xx_StdPeriph_Driver/src/misc.o
 .debug_abbrev  0x00001b17      0x1c3 obj/lib/chip/STM32F4xx_StdPeriph_Driver/src/stm32f4xx_exti.o
 .debug_abbrev  0x00001cda      0x1a7 obj/lib/chip/STM32F4xx_StdPeriph_Driver/src/stm32f4xx_gpio.o
 .debug_abbrev  0x00001e81      0x1e5 obj/lib/chip/STM32F4xx_StdPeriph_Driver/src/stm32f4xx_rcc.o
 .debug_abbrev  0x00002066       0x14 /usr/lib/gcc/arm-none-eabi/4.8.2/armv7e-m/softfp/libgcc.a(_arm_addsubdf3.o)
 .debug_abbrev  0x0000207a       0x14 /usr/lib/gcc/arm-none-eabi/4.8.2/armv7e-m/softfp/libgcc.a(_arm_muldivdf3.o)
 .debug_abbrev  0x0000208e       0x14 /usr/lib/gcc/arm-none-eabi/4.8.2/armv7e-m/softfp/libgcc.a(_arm_cmpdf2.o)
 .debug_abbrev  0x000020a2       0xb8 /usr/lib/gcc/arm-none-eabi/4.8.2/../../../arm-none-eabi/lib/armv7e-m/softfp/libc.a(lib_a-atexit.o)
 .debug_abbrev  0x0000215a       0xbd /usr/lib/gcc/arm-none-eabi/4.8.2/../../../arm-none-eabi/lib/armv7e-m/softfp/libc.a(lib_a-fini.o)
 .debug_abbrev  0x00002217      0x180 /usr/lib/gcc/arm-none-eabi/4.8.2/../../../arm-none-eabi/lib/armv7e-m/softfp/libc.a(lib_a-impure.o)
 .debug_abbrev  0x00002397       0xba /usr/lib/gcc/arm-none-eabi/4.8.2/../../../arm-none-eabi/lib/armv7e-m/softfp/libc.a(lib_a-init.o)
 .debug_abbrev  0x00002451       0x7f /usr/lib/gcc/arm-none-eabi/4.8.2/../../../arm-none-eabi/lib/armv7e-m/softfp/libc.a(lib_a-memcmp.o)
 .debug_abbrev  0x000024d0       0x14 /usr/lib/gcc/arm-none-eabi/4.8.2/../../../arm-none-eabi/lib/armv7e-m/softfp/libc.a(lib_a-memcpy.o)
 .debug_abbrev  0x000024e4       0x9f /usr/lib/gcc/arm-none-eabi/4.8.2/../../../arm-none-eabi/lib/armv7e-m/softfp/libc.a(lib_a-memset.o)
 .debug_abbrev  0x00002583      0x20f /usr/lib/gcc/arm-none-eabi/4.8.2/../../../arm-none-eabi/lib/armv7e-m/softfp/libc.a(lib_a-__atexit.o)
 .debug_abbrev  0x00002792      0x285 /usr/lib/gcc/arm-none-eabi/4.8.2/../../../arm-none-eabi/lib/armv7e-m/softfp/libc.a(lib_a-__call_atexit.o)

.debug_loc      0x00000000     0x3e7b
 .debug_loc     0x00000000      0x2f4 obj/main.o
 .debug_loc     0x000002f4       0x9c obj/lib/ParTest.o
 .debug_loc     0x00000390       0x9c obj/lib/startup/system_stm32f4xx.o
 .debug_loc     0x0000042c      0x9d4 obj/lib/FreeRTOSV8.1.2/FreeRTOS/Source/tasks.o
 .debug_loc     0x00000e00      0x620 obj/lib/FreeRTOSV8.1.2/FreeRTOS/Source/queue.o
 .debug_loc     0x00001420      0x118 obj/lib/FreeRTOSV8.1.2/FreeRTOS/Source/list.o
 .debug_loc     0x00001538      0x1dc obj/lib/FreeRTOSV8.1.2/FreeRTOS/Source/portable/GCC/ARM_CM4F/port.o
 .debug_loc     0x00001714      0x33c obj/lib/FreeRTOSV8.1.2/FreeRTOS/Source/timers.o
 .debug_loc     0x00001a50       0xc8 obj/lib/FreeRTOSV8.1.2/FreeRTOS/Source/portable/MemMang/heap_1.o
 .debug_loc     0x00001b18       0xe1 obj/lib/FreeRTOSV8.1.2/FreeRTOS/Demo/Common/Minimal/BlockQ.o
 .debug_loc     0x00001bf9       0xe0 obj/lib/FreeRTOSV8.1.2/FreeRTOS/Demo/Common/Minimal/blocktim.o
 .debug_loc     0x00001cd9      0x118 obj/lib/FreeRTOSV8.1.2/FreeRTOS/Demo/Common/Minimal/countsem.o
 .debug_loc     0x00001df1       0xe0 obj/lib/FreeRTOSV8.1.2/FreeRTOS/Demo/Common/Minimal/death.o
 .debug_loc     0x00001ed1      0x188 obj/lib/FreeRTOSV8.1.2/FreeRTOS/Demo/Common/Minimal/dynamic.o
 .debug_loc     0x00002059       0x70 obj/lib/FreeRTOSV8.1.2/FreeRTOS/Demo/Common/Minimal/flash.o
 .debug_loc     0x000020c9      0x158 obj/lib/FreeRTOSV8.1.2/FreeRTOS/Demo/Common/Minimal/flop.o
 .debug_loc     0x00002221      0x224 obj/lib/FreeRTOSV8.1.2/FreeRTOS/Demo/Common/Minimal/GenQTest.o
 .debug_loc     0x00002445       0xa8 obj/lib/FreeRTOSV8.1.2/FreeRTOS/Demo/Common/Minimal/integer.o
 .debug_loc     0x000024ed       0xe0 obj/lib/FreeRTOSV8.1.2/FreeRTOS/Demo/Common/Minimal/PollQ.o
 .debug_loc     0x000025cd      0x118 obj/lib/FreeRTOSV8.1.2/FreeRTOS/Demo/Common/Minimal/recmutex.o
 .debug_loc     0x000026e5       0xa8 obj/lib/FreeRTOSV8.1.2/FreeRTOS/Demo/Common/Minimal/semtest.o
 .debug_loc     0x0000278d      0x150 obj/lib/board/stm32f4_discovery.o
 .debug_loc     0x000028dd      0x118 obj/lib/chip/STM32F4xx_StdPeriph_Driver/src/misc.o
 .debug_loc     0x000029f5      0x1b4 obj/lib/chip/STM32F4xx_StdPeriph_Driver/src/stm32f4xx_exti.o
 .debug_loc     0x00002ba9      0x310 obj/lib/chip/STM32F4xx_StdPeriph_Driver/src/stm32f4xx_gpio.o
 .debug_loc     0x00002eb9      0x97c obj/lib/chip/STM32F4xx_StdPeriph_Driver/src/stm32f4xx_rcc.o
 .debug_loc     0x00003835       0x2c /usr/lib/gcc/arm-none-eabi/4.8.2/../../../arm-none-eabi/lib/armv7e-m/softfp/libc.a(lib_a-atexit.o)
 .debug_loc     0x00003861       0x5c /usr/lib/gcc/arm-none-eabi/4.8.2/../../../arm-none-eabi/lib/armv7e-m/softfp/libc.a(lib_a-fini.o)
 .debug_loc     0x000038bd       0xae /usr/lib/gcc/arm-none-eabi/4.8.2/../../../arm-none-eabi/lib/armv7e-m/softfp/libc.a(lib_a-init.o)
 .debug_loc     0x0000396b       0xe3 /usr/lib/gcc/arm-none-eabi/4.8.2/../../../arm-none-eabi/lib/armv7e-m/softfp/libc.a(lib_a-memcmp.o)
 .debug_loc     0x00003a4e      0x18b /usr/lib/gcc/arm-none-eabi/4.8.2/../../../arm-none-eabi/lib/armv7e-m/softfp/libc.a(lib_a-memset.o)
 .debug_loc     0x00003bd9      0x14d /usr/lib/gcc/arm-none-eabi/4.8.2/../../../arm-none-eabi/lib/armv7e-m/softfp/libc.a(lib_a-__atexit.o)
 .debug_loc     0x00003d26      0x155 /usr/lib/gcc/arm-none-eabi/4.8.2/../../../arm-none-eabi/lib/armv7e-m/softfp/libc.a(lib_a-__call_atexit.o)

.debug_aranges  0x00000000      0xc58
 .debug_aranges
                0x00000000       0x90 obj/main.o
 .debug_aranges
                0x00000090       0x30 obj/lib/ParTest.o
 .debug_aranges
                0x000000c0       0x30 obj/lib/startup/system_stm32f4xx.o
 .debug_aranges
                0x000000f0      0x188 obj/lib/FreeRTOSV8.1.2/FreeRTOS/Source/tasks.o
 .debug_aranges
                0x00000278       0xf8 obj/lib/FreeRTOSV8.1.2/FreeRTOS/Source/queue.o
 .debug_aranges
                0x00000370       0x40 obj/lib/FreeRTOSV8.1.2/FreeRTOS/Source/list.o
 .debug_aranges
                0x000003b0       0x98 obj/lib/FreeRTOSV8.1.2/FreeRTOS/Source/portable/GCC/ARM_CM4F/port.o
 .debug_aranges
                0x00000448       0x90 obj/lib/FreeRTOSV8.1.2/FreeRTOS/Source/timers.o
 .debug_aranges
                0x000004d8       0x38 obj/lib/FreeRTOSV8.1.2/FreeRTOS/Source/portable/MemMang/heap_1.o
 .debug_aranges
                0x00000510       0x38 obj/lib/FreeRTOSV8.1.2/FreeRTOS/Demo/Common/Minimal/BlockQ.o
 .debug_aranges
                0x00000548       0x38 obj/lib/FreeRTOSV8.1.2/FreeRTOS/Demo/Common/Minimal/blocktim.o
 .debug_aranges
                0x00000580       0x40 obj/lib/FreeRTOSV8.1.2/FreeRTOS/Demo/Common/Minimal/countsem.o
 .debug_aranges
                0x000005c0       0x38 obj/lib/FreeRTOSV8.1.2/FreeRTOS/Demo/Common/Minimal/death.o
 .debug_aranges
                0x000005f8       0x50 obj/lib/FreeRTOSV8.1.2/FreeRTOS/Demo/Common/Minimal/dynamic.o
 .debug_aranges
                0x00000648       0x28 obj/lib/FreeRTOSV8.1.2/FreeRTOS/Demo/Common/Minimal/flash.o
 .debug_aranges
                0x00000670       0x48 obj/lib/FreeRTOSV8.1.2/FreeRTOS/Demo/Common/Minimal/flop.o
 .debug_aranges
                0x000006b8       0x68 obj/lib/FreeRTOSV8.1.2/FreeRTOS/Demo/Common/Minimal/GenQTest.o
 .debug_aranges
                0x00000720       0x30 obj/lib/FreeRTOSV8.1.2/FreeRTOS/Demo/Common/Minimal/integer.o
 .debug_aranges
                0x00000750       0x38 obj/lib/FreeRTOSV8.1.2/FreeRTOS/Demo/Common/Minimal/PollQ.o
 .debug_aranges
                0x00000788       0x40 obj/lib/FreeRTOSV8.1.2/FreeRTOS/Demo/Common/Minimal/recmutex.o
 .debug_aranges
                0x000007c8       0x30 obj/lib/FreeRTOSV8.1.2/FreeRTOS/Demo/Common/Minimal/semtest.o
 .debug_aranges
                0x000007f8       0x48 obj/lib/board/stm32f4_discovery.o
 .debug_aranges
                0x00000840       0x40 obj/lib/chip/STM32F4xx_StdPeriph_Driver/src/misc.o
 .debug_aranges
                0x00000880       0x58 obj/lib/chip/STM32F4xx_StdPeriph_Driver/src/stm32f4xx_exti.o
 .debug_aranges
                0x000008d8       0x88 obj/lib/chip/STM32F4xx_StdPeriph_Driver/src/stm32f4xx_gpio.o
 .debug_aranges
                0x00000960      0x178 obj/lib/chip/STM32F4xx_StdPeriph_Driver/src/stm32f4xx_rcc.o
 .debug_aranges
                0x00000ad8       0x20 /usr/lib/gcc/arm-none-eabi/4.8.2/armv7e-m/softfp/libgcc.a(_arm_addsubdf3.o)
 .debug_aranges
                0x00000af8       0x20 /usr/lib/gcc/arm-none-eabi/4.8.2/armv7e-m/softfp/libgcc.a(_arm_muldivdf3.o)
 .debug_aranges
                0x00000b18       0x20 /usr/lib/gcc/arm-none-eabi/4.8.2/armv7e-m/softfp/libgcc.a(_arm_cmpdf2.o)
 .debug_aranges
                0x00000b38       0x20 /usr/lib/gcc/arm-none-eabi/4.8.2/../../../arm-none-eabi/lib/armv7e-m/softfp/libc.a(lib_a-atexit.o)
 .debug_aranges
                0x00000b58       0x20 /usr/lib/gcc/arm-none-eabi/4.8.2/../../../arm-none-eabi/lib/armv7e-m/softfp/libc.a(lib_a-fini.o)
 .debug_aranges
                0x00000b78       0x18 /usr/lib/gcc/arm-none-eabi/4.8.2/../../../arm-none-eabi/lib/armv7e-m/softfp/libc.a(lib_a-impure.o)
 .debug_aranges
                0x00000b90       0x20 /usr/lib/gcc/arm-none-eabi/4.8.2/../../../arm-none-eabi/lib/armv7e-m/softfp/libc.a(lib_a-init.o)
 .debug_aranges
                0x00000bb0       0x20 /usr/lib/gcc/arm-none-eabi/4.8.2/../../../arm-none-eabi/lib/armv7e-m/softfp/libc.a(lib_a-memcmp.o)
 .debug_aranges
                0x00000bd0       0x20 /usr/lib/gcc/arm-none-eabi/4.8.2/../../../arm-none-eabi/lib/armv7e-m/softfp/libc.a(lib_a-memcpy.o)
 .debug_aranges
                0x00000bf0       0x20 /usr/lib/gcc/arm-none-eabi/4.8.2/../../../arm-none-eabi/lib/armv7e-m/softfp/libc.a(lib_a-memset.o)
 .debug_aranges
                0x00000c10       0x20 /usr/lib/gcc/arm-none-eabi/4.8.2/../../../arm-none-eabi/lib/armv7e-m/softfp/libc.a(lib_a-__atexit.o)
 .debug_aranges
                0x00000c30       0x28 /usr/lib/gcc/arm-none-eabi/4.8.2/../../../arm-none-eabi/lib/armv7e-m/softfp/libc.a(lib_a-__call_atexit.o)

.debug_ranges   0x00000000      0x9d0
 .debug_ranges  0x00000000       0x80 obj/main.o
 .debug_ranges  0x00000080       0x20 obj/lib/ParTest.o
 .debug_ranges  0x000000a0       0x20 obj/lib/startup/system_stm32f4xx.o
 .debug_ranges  0x000000c0      0x178 obj/lib/FreeRTOSV8.1.2/FreeRTOS/Source/tasks.o
 .debug_ranges  0x00000238       0xe8 obj/lib/FreeRTOSV8.1.2/FreeRTOS/Source/queue.o
 .debug_ranges  0x00000320       0x30 obj/lib/FreeRTOSV8.1.2/FreeRTOS/Source/list.o
 .debug_ranges  0x00000350       0x88 obj/lib/FreeRTOSV8.1.2/FreeRTOS/Source/portable/GCC/ARM_CM4F/port.o
 .debug_ranges  0x000003d8       0x80 obj/lib/FreeRTOSV8.1.2/FreeRTOS/Source/timers.o
 .debug_ranges  0x00000458       0x28 obj/lib/FreeRTOSV8.1.2/FreeRTOS/Source/portable/MemMang/heap_1.o
 .debug_ranges  0x00000480       0x28 obj/lib/FreeRTOSV8.1.2/FreeRTOS/Demo/Common/Minimal/BlockQ.o
 .debug_ranges  0x000004a8       0x28 obj/lib/FreeRTOSV8.1.2/FreeRTOS/Demo/Common/Minimal/blocktim.o
 .debug_ranges  0x000004d0       0x30 obj/lib/FreeRTOSV8.1.2/FreeRTOS/Demo/Common/Minimal/countsem.o
 .debug_ranges  0x00000500       0x28 obj/lib/FreeRTOSV8.1.2/FreeRTOS/Demo/Common/Minimal/death.o
 .debug_ranges  0x00000528       0x40 obj/lib/FreeRTOSV8.1.2/FreeRTOS/Demo/Common/Minimal/dynamic.o
 .debug_ranges  0x00000568       0x18 obj/lib/FreeRTOSV8.1.2/FreeRTOS/Demo/Common/Minimal/flash.o
 .debug_ranges  0x00000580       0x38 obj/lib/FreeRTOSV8.1.2/FreeRTOS/Demo/Common/Minimal/flop.o
 .debug_ranges  0x000005b8       0x58 obj/lib/FreeRTOSV8.1.2/FreeRTOS/Demo/Common/Minimal/GenQTest.o
 .debug_ranges  0x00000610       0x20 obj/lib/FreeRTOSV8.1.2/FreeRTOS/Demo/Common/Minimal/integer.o
 .debug_ranges  0x00000630       0x28 obj/lib/FreeRTOSV8.1.2/FreeRTOS/Demo/Common/Minimal/PollQ.o
 .debug_ranges  0x00000658       0x30 obj/lib/FreeRTOSV8.1.2/FreeRTOS/Demo/Common/Minimal/recmutex.o
 .debug_ranges  0x00000688       0x20 obj/lib/FreeRTOSV8.1.2/FreeRTOS/Demo/Common/Minimal/semtest.o
 .debug_ranges  0x000006a8       0x38 obj/lib/board/stm32f4_discovery.o
 .debug_ranges  0x000006e0       0x30 obj/lib/chip/STM32F4xx_StdPeriph_Driver/src/misc.o
 .debug_ranges  0x00000710       0x48 obj/lib/chip/STM32F4xx_StdPeriph_Driver/src/stm32f4xx_exti.o
 .debug_ranges  0x00000758       0x78 obj/lib/chip/STM32F4xx_StdPeriph_Driver/src/stm32f4xx_gpio.o
 .debug_ranges  0x000007d0      0x168 obj/lib/chip/STM32F4xx_StdPeriph_Driver/src/stm32f4xx_rcc.o
 .debug_ranges  0x00000938       0x10 /usr/lib/gcc/arm-none-eabi/4.8.2/../../../arm-none-eabi/lib/armv7e-m/softfp/libc.a(lib_a-atexit.o)
 .debug_ranges  0x00000948       0x10 /usr/lib/gcc/arm-none-eabi/4.8.2/../../../arm-none-eabi/lib/armv7e-m/softfp/libc.a(lib_a-fini.o)
 .debug_ranges  0x00000958       0x10 /usr/lib/gcc/arm-none-eabi/4.8.2/../../../arm-none-eabi/lib/armv7e-m/softfp/libc.a(lib_a-init.o)
 .debug_ranges  0x00000968       0x10 /usr/lib/gcc/arm-none-eabi/4.8.2/../../../arm-none-eabi/lib/armv7e-m/softfp/libc.a(lib_a-memcmp.o)
 .debug_ranges  0x00000978       0x10 /usr/lib/gcc/arm-none-eabi/4.8.2/../../../arm-none-eabi/lib/armv7e-m/softfp/libc.a(lib_a-memset.o)
 .debug_ranges  0x00000988       0x10 /usr/lib/gcc/arm-none-eabi/4.8.2/../../../arm-none-eabi/lib/armv7e-m/softfp/libc.a(lib_a-__atexit.o)
 .debug_ranges  0x00000998       0x38 /usr/lib/gcc/arm-none-eabi/4.8.2/../../../arm-none-eabi/lib/armv7e-m/softfp/libc.a(lib_a-__call_atexit.o)

.debug_line     0x00000000     0x54f8
 .debug_line    0x00000000      0x351 obj/main.o
 .debug_line    0x00000351      0x14b obj/lib/ParTest.o
 .debug_line    0x0000049c      0x169 obj/lib/startup/system_stm32f4xx.o
 .debug_line    0x00000605      0x994 obj/lib/FreeRTOSV8.1.2/FreeRTOS/Source/tasks.o
 .debug_line    0x00000f99      0x6c4 obj/lib/FreeRTOSV8.1.2/FreeRTOS/Source/queue.o
 .debug_line    0x0000165d      0x19b obj/lib/FreeRTOSV8.1.2/FreeRTOS/Source/list.o
 .debug_line    0x000017f8      0x29f obj/lib/FreeRTOSV8.1.2/FreeRTOS/Source/portable/GCC/ARM_CM4F/port.o
 .debug_line    0x00001a97      0x334 obj/lib/FreeRTOSV8.1.2/FreeRTOS/Source/timers.o
 .debug_line    0x00001dcb      0x147 obj/lib/FreeRTOSV8.1.2/FreeRTOS/Source/portable/MemMang/heap_1.o
 .debug_line    0x00001f12      0x1c4 obj/lib/FreeRTOSV8.1.2/FreeRTOS/Demo/Common/Minimal/BlockQ.o
 .debug_line    0x000020d6      0x240 obj/lib/FreeRTOSV8.1.2/FreeRTOS/Demo/Common/Minimal/blocktim.o
 .debug_line    0x00002316      0x1e5 obj/lib/FreeRTOSV8.1.2/FreeRTOS/Demo/Common/Minimal/countsem.o
 .debug_line    0x000024fb      0x1a8 obj/lib/FreeRTOSV8.1.2/FreeRTOS/Demo/Common/Minimal/death.o
 .debug_line    0x000026a3      0x216 obj/lib/FreeRTOSV8.1.2/FreeRTOS/Demo/Common/Minimal/dynamic.o
 .debug_line    0x000028b9      0x179 obj/lib/FreeRTOSV8.1.2/FreeRTOS/Demo/Common/Minimal/flash.o
 .debug_line    0x00002a32      0x23a obj/lib/FreeRTOSV8.1.2/FreeRTOS/Demo/Common/Minimal/flop.o
 .debug_line    0x00002c6c      0x315 obj/lib/FreeRTOSV8.1.2/FreeRTOS/Demo/Common/Minimal/GenQTest.o
 .debug_line    0x00002f81      0x13f obj/lib/FreeRTOSV8.1.2/FreeRTOS/Demo/Common/Minimal/integer.o
 .debug_line    0x000030c0      0x1ba obj/lib/FreeRTOSV8.1.2/FreeRTOS/Demo/Common/Minimal/PollQ.o
 .debug_line    0x0000327a      0x216 obj/lib/FreeRTOSV8.1.2/FreeRTOS/Demo/Common/Minimal/recmutex.o
 .debug_line    0x00003490      0x1c7 obj/lib/FreeRTOSV8.1.2/FreeRTOS/Demo/Common/Minimal/semtest.o
 .debug_line    0x00003657      0x1db obj/lib/board/stm32f4_discovery.o
 .debug_line    0x00003832      0x1de obj/lib/chip/STM32F4xx_StdPeriph_Driver/src/misc.o
 .debug_line    0x00003a10      0x255 obj/lib/chip/STM32F4xx_StdPeriph_Driver/src/stm32f4xx_exti.o
 .debug_line    0x00003c65      0x38b obj/lib/chip/STM32F4xx_StdPeriph_Driver/src/stm32f4xx_gpio.o
 .debug_line    0x00003ff0      0x753 obj/lib/chip/STM32F4xx_StdPeriph_Driver/src/stm32f4xx_rcc.o
 .debug_line    0x00004743      0x1ff /usr/lib/gcc/arm-none-eabi/4.8.2/armv7e-m/softfp/libgcc.a(_arm_addsubdf3.o)
 .debug_line    0x00004942      0x220 /usr/lib/gcc/arm-none-eabi/4.8.2/armv7e-m/softfp/libgcc.a(_arm_muldivdf3.o)
 .debug_line    0x00004b62      0x106 /usr/lib/gcc/arm-none-eabi/4.8.2/armv7e-m/softfp/libgcc.a(_arm_cmpdf2.o)
 .debug_line    0x00004c68       0xa9 /usr/lib/gcc/arm-none-eabi/4.8.2/../../../arm-none-eabi/lib/armv7e-m/softfp/libc.a(lib_a-atexit.o)
 .debug_line    0x00004d11       0x9f /usr/lib/gcc/arm-none-eabi/4.8.2/../../../arm-none-eabi/lib/armv7e-m/softfp/libc.a(lib_a-fini.o)
 .debug_line    0x00004db0       0xd9 /usr/lib/gcc/arm-none-eabi/4.8.2/../../../arm-none-eabi/lib/armv7e-m/softfp/libc.a(lib_a-impure.o)
 .debug_line    0x00004e89       0xb8 /usr/lib/gcc/arm-none-eabi/4.8.2/../../../arm-none-eabi/lib/armv7e-m/softfp/libc.a(lib_a-init.o)
 .debug_line    0x00004f41       0xf9 /usr/lib/gcc/arm-none-eabi/4.8.2/../../../arm-none-eabi/lib/armv7e-m/softfp/libc.a(lib_a-memcmp.o)
 .debug_line    0x0000503a       0xbb /usr/lib/gcc/arm-none-eabi/4.8.2/../../../arm-none-eabi/lib/armv7e-m/softfp/libc.a(lib_a-memcpy.o)
 .debug_line    0x000050f5      0x102 /usr/lib/gcc/arm-none-eabi/4.8.2/../../../arm-none-eabi/lib/armv7e-m/softfp/libc.a(lib_a-memset.o)
 .debug_line    0x000051f7      0x163 /usr/lib/gcc/arm-none-eabi/4.8.2/../../../arm-none-eabi/lib/armv7e-m/softfp/libc.a(lib_a-__atexit.o)
 .debug_line    0x0000535a      0x19e /usr/lib/gcc/arm-none-eabi/4.8.2/../../../arm-none-eabi/lib/armv7e-m/softfp/libc.a(lib_a-__call_atexit.o)

.debug_str      0x00000000     0x488c
 .debug_str     0x00000000      0xa2c obj/main.o
                                0xa9a (size before relaxing)
 .debug_str     0x00000a2c       0x75 obj/lib/ParTest.o
                                0x216 (size before relaxing)
 .debug_str     0x00000aa1      0x1dc obj/lib/startup/system_stm32f4xx.o
                                0x3ec (size before relaxing)
 .debug_str     0x00000c7d      0xa41 obj/lib/FreeRTOSV8.1.2/FreeRTOS/Source/tasks.o
                                0xca2 (size before relaxing)
 .debug_str     0x000016be      0x486 obj/lib/FreeRTOSV8.1.2/FreeRTOS/Source/queue.o
                                0x795 (size before relaxing)
 .debug_str     0x00001b44       0xb7 obj/lib/FreeRTOSV8.1.2/FreeRTOS/Source/list.o
                                0x2f4 (size before relaxing)
 .debug_str     0x00001bfb      0x249 obj/lib/FreeRTOSV8.1.2/FreeRTOS/Source/portable/GCC/ARM_CM4F/port.o
                                0x44d (size before relaxing)
 .debug_str     0x00001e44      0x3ae obj/lib/FreeRTOSV8.1.2/FreeRTOS/Source/timers.o
                                0x6a1 (size before relaxing)
 .debug_str     0x000021f2       0xb8 obj/lib/FreeRTOSV8.1.2/FreeRTOS/Source/portable/MemMang/heap_1.o
                                0x279 (size before relaxing)
 .debug_str     0x000022aa      0x22c obj/lib/FreeRTOSV8.1.2/FreeRTOS/Demo/Common/Minimal/BlockQ.o
                                0x43b (size before relaxing)
 .debug_str     0x000024d6      0x15f obj/lib/FreeRTOSV8.1.2/FreeRTOS/Demo/Common/Minimal/blocktim.o
                                0x354 (size before relaxing)
 .debug_str     0x00002635      0x153 obj/lib/FreeRTOSV8.1.2/FreeRTOS/Demo/Common/Minimal/countsem.o
                                0x34f (size before relaxing)
 .debug_str     0x00002788      0x10c obj/lib/FreeRTOSV8.1.2/FreeRTOS/Demo/Common/Minimal/death.o